<?xml version="1.0" encoding="ISO-8859-1" ?>
<link_info>
   <banner>TI ARM Linker PC v20.2.0.LTS</banner>
   <copyright>Copyright (c) 1996-2018 Texas Instruments Incorporated</copyright>
   <link_time>0x607b1fcf</link_time>
   <link_errors>0x0</link_errors>
   <output_file>msp432_lpf.out</output_file>
   <entry_point>
      <name>_c_int00_noargs</name>
      <address>0x24f1</address>
   </entry_point>
   <input_file_list>
      <input_file id="fl-2">
         <path>.\</path>
         <kind>object</kind>
         <file>main.obj</file>
         <name>main.obj</name>
      </input_file>
      <input_file id="fl-3">
         <path>.\</path>
         <kind>object</kind>
         <file>system_msp432p401r.obj</file>
         <name>system_msp432p401r.obj</name>
      </input_file>
      <input_file id="fl-4">
         <path>.\ccs\</path>
         <kind>object</kind>
         <file>startup_msp432p401r_ccs.obj</file>
         <name>startup_msp432p401r_ccs.obj</name>
      </input_file>
      <input_file id="fl-c">
         <kind>object</kind>
         <file>&lt;internal&gt;</file>
         <name>&lt;internal&gt;</name>
      </input_file>
      <input_file id="fl-d">
         <path>C:\Users\pschaumont\git_ecedhawebinar\ecedhawebinar\msp432_boostxl_lib\Debug\</path>
         <kind>archive</kind>
         <file>msp432_boostxl_lib.lib</file>
         <name>msp432_arm_dsp.obj</name>
      </input_file>
      <input_file id="fl-e">
         <path>C:\Users\pschaumont\git_ecedhawebinar\ecedhawebinar\msp432_boostxl_lib\Debug\</path>
         <kind>archive</kind>
         <file>msp432_boostxl_lib.lib</file>
         <name>msp432_boostxl_init.obj</name>
      </input_file>
      <input_file id="fl-f">
         <path>C:\Users\pschaumont\git_ecedhawebinar\ecedhawebinar\msp432_boostxl_lib\Debug\</path>
         <kind>archive</kind>
         <file>msp432_boostxl_lib.lib</file>
         <name>dac8311.obj</name>
      </input_file>
      <input_file id="fl-10">
         <path>C:\ti\simplelink_msp432p4_sdk_3_40_01_02\source\ti\devices\msp432p4xx\driverlib\ccs\</path>
         <kind>archive</kind>
         <file>msp432p4xx_driverlib.lib</file>
         <name>adc14.o</name>
      </input_file>
      <input_file id="fl-11">
         <path>C:\ti\simplelink_msp432p4_sdk_3_40_01_02\source\ti\devices\msp432p4xx\driverlib\ccs\</path>
         <kind>archive</kind>
         <file>msp432p4xx_driverlib.lib</file>
         <name>cs.o</name>
      </input_file>
      <input_file id="fl-12">
         <path>C:\ti\simplelink_msp432p4_sdk_3_40_01_02\source\ti\devices\msp432p4xx\driverlib\ccs\</path>
         <kind>archive</kind>
         <file>msp432p4xx_driverlib.lib</file>
         <name>dma.o</name>
      </input_file>
      <input_file id="fl-13">
         <path>C:\ti\simplelink_msp432p4_sdk_3_40_01_02\source\ti\devices\msp432p4xx\driverlib\ccs\</path>
         <kind>archive</kind>
         <file>msp432p4xx_driverlib.lib</file>
         <name>flash.o</name>
      </input_file>
      <input_file id="fl-14">
         <path>C:\ti\simplelink_msp432p4_sdk_3_40_01_02\source\ti\devices\msp432p4xx\driverlib\ccs\</path>
         <kind>archive</kind>
         <file>msp432p4xx_driverlib.lib</file>
         <name>gpio.o</name>
      </input_file>
      <input_file id="fl-15">
         <path>C:\ti\simplelink_msp432p4_sdk_3_40_01_02\source\ti\devices\msp432p4xx\driverlib\ccs\</path>
         <kind>archive</kind>
         <file>msp432p4xx_driverlib.lib</file>
         <name>interrupt.o</name>
      </input_file>
      <input_file id="fl-16">
         <path>C:\ti\simplelink_msp432p4_sdk_3_40_01_02\source\ti\devices\msp432p4xx\driverlib\ccs\</path>
         <kind>archive</kind>
         <file>msp432p4xx_driverlib.lib</file>
         <name>pcm.o</name>
      </input_file>
      <input_file id="fl-17">
         <path>C:\ti\simplelink_msp432p4_sdk_3_40_01_02\source\ti\devices\msp432p4xx\driverlib\ccs\</path>
         <kind>archive</kind>
         <file>msp432p4xx_driverlib.lib</file>
         <name>rtc_c.o</name>
      </input_file>
      <input_file id="fl-18">
         <path>C:\ti\simplelink_msp432p4_sdk_3_40_01_02\source\ti\devices\msp432p4xx\driverlib\ccs\</path>
         <kind>archive</kind>
         <file>msp432p4xx_driverlib.lib</file>
         <name>spi.o</name>
      </input_file>
      <input_file id="fl-19">
         <path>C:\ti\simplelink_msp432p4_sdk_3_40_01_02\source\ti\devices\msp432p4xx\driverlib\ccs\</path>
         <kind>archive</kind>
         <file>msp432p4xx_driverlib.lib</file>
         <name>sysctl.o</name>
      </input_file>
      <input_file id="fl-1a">
         <path>C:\ti\simplelink_msp432p4_sdk_3_40_01_02\source\ti\devices\msp432p4xx\driverlib\ccs\</path>
         <kind>archive</kind>
         <file>msp432p4xx_driverlib.lib</file>
         <name>sysctl_a.o</name>
      </input_file>
      <input_file id="fl-1b">
         <path>C:\ti\simplelink_msp432p4_sdk_3_40_01_02\source\ti\devices\msp432p4xx\driverlib\ccs\</path>
         <kind>archive</kind>
         <file>msp432p4xx_driverlib.lib</file>
         <name>timer32.o</name>
      </input_file>
      <input_file id="fl-1c">
         <path>C:\ti\simplelink_msp432p4_sdk_3_40_01_02\source\ti\devices\msp432p4xx\driverlib\ccs\</path>
         <kind>archive</kind>
         <file>msp432p4xx_driverlib.lib</file>
         <name>timer_a.o</name>
      </input_file>
      <input_file id="fl-1d">
         <path>C:\ti\simplelink_msp432p4_sdk_3_40_01_02\source\ti\devices\msp432p4xx\driverlib\ccs\</path>
         <kind>archive</kind>
         <file>msp432p4xx_driverlib.lib</file>
         <name>wdt_a.o</name>
      </input_file>
      <input_file id="fl-1e">
         <path>C:\ti\simplelink_msp432p4_sdk_3_40_01_02\source\ti\devices\msp432p4xx\driverlib\ccs\</path>
         <kind>archive</kind>
         <file>msp432p4xx_driverlib.lib</file>
         <name>cpu.o</name>
      </input_file>
      <input_file id="fl-d4">
         <path>C:\ti\ccs1000\ccs\tools\compiler\ti-cgt-arm_20.2.0.LTS\lib\</path>
         <kind>archive</kind>
         <file>rtsv7M4_T_le_v4SPD16_eabi.lib</file>
         <name>fd_add_t2.asm.obj</name>
      </input_file>
      <input_file id="fl-d5">
         <path>C:\ti\ccs1000\ccs\tools\compiler\ti-cgt-arm_20.2.0.LTS\lib\</path>
         <kind>archive</kind>
         <file>rtsv7M4_T_le_v4SPD16_eabi.lib</file>
         <name>fd_mul_t2.asm.obj</name>
      </input_file>
      <input_file id="fl-d6">
         <path>C:\ti\ccs1000\ccs\tools\compiler\ti-cgt-arm_20.2.0.LTS\lib\</path>
         <kind>archive</kind>
         <file>rtsv7M4_T_le_v4SPD16_eabi.lib</file>
         <name>fd_tos_t2.asm.obj</name>
      </input_file>
      <input_file id="fl-d7">
         <path>C:\ti\ccs1000\ccs\tools\compiler\ti-cgt-arm_20.2.0.LTS\lib\</path>
         <kind>archive</kind>
         <file>rtsv7M4_T_le_v4SPD16_eabi.lib</file>
         <name>fs_tod_t2.asm.obj</name>
      </input_file>
      <input_file id="fl-d8">
         <path>C:\ti\ccs1000\ccs\tools\compiler\ti-cgt-arm_20.2.0.LTS\lib\</path>
         <kind>archive</kind>
         <file>rtsv7M4_T_le_v4SPD16_eabi.lib</file>
         <name>memset_t2.asm.obj</name>
      </input_file>
      <input_file id="fl-d9">
         <path>C:\ti\ccs1000\ccs\tools\compiler\ti-cgt-arm_20.2.0.LTS\lib\</path>
         <kind>archive</kind>
         <file>rtsv7M4_T_le_v4SPD16_eabi.lib</file>
         <name>copy_zero_init.c.obj</name>
      </input_file>
      <input_file id="fl-da">
         <path>C:\ti\ccs1000\ccs\tools\compiler\ti-cgt-arm_20.2.0.LTS\lib\</path>
         <kind>archive</kind>
         <file>rtsv7M4_T_le_v4SPD16_eabi.lib</file>
         <name>copy_decompress_none.c.obj</name>
      </input_file>
      <input_file id="fl-db">
         <path>C:\ti\ccs1000\ccs\tools\compiler\ti-cgt-arm_20.2.0.LTS\lib\</path>
         <kind>archive</kind>
         <file>rtsv7M4_T_le_v4SPD16_eabi.lib</file>
         <name>copy_decompress_lzss.c.obj</name>
      </input_file>
      <input_file id="fl-dc">
         <path>C:\ti\ccs1000\ccs\tools\compiler\ti-cgt-arm_20.2.0.LTS\lib\</path>
         <kind>archive</kind>
         <file>rtsv7M4_T_le_v4SPD16_eabi.lib</file>
         <name>qsort.c.obj</name>
      </input_file>
      <input_file id="fl-dd">
         <path>C:\ti\ccs1000\ccs\tools\compiler\ti-cgt-arm_20.2.0.LTS\lib\</path>
         <kind>archive</kind>
         <file>rtsv7M4_T_le_v4SPD16_eabi.lib</file>
         <name>boot_cortex_m.c.obj</name>
      </input_file>
      <input_file id="fl-de">
         <path>C:\ti\ccs1000\ccs\tools\compiler\ti-cgt-arm_20.2.0.LTS\lib\</path>
         <kind>archive</kind>
         <file>rtsv7M4_T_le_v4SPD16_eabi.lib</file>
         <name>memcpy_t2.asm.obj</name>
      </input_file>
      <input_file id="fl-df">
         <path>C:\ti\ccs1000\ccs\tools\compiler\ti-cgt-arm_20.2.0.LTS\lib\</path>
         <kind>archive</kind>
         <file>rtsv7M4_T_le_v4SPD16_eabi.lib</file>
         <name>autoinit.c.obj</name>
      </input_file>
      <input_file id="fl-e0">
         <path>C:\ti\ccs1000\ccs\tools\compiler\ti-cgt-arm_20.2.0.LTS\lib\</path>
         <kind>archive</kind>
         <file>rtsv7M4_T_le_v4SPD16_eabi.lib</file>
         <name>pre_init.c.obj</name>
      </input_file>
      <input_file id="fl-e1">
         <path>C:\ti\ccs1000\ccs\tools\compiler\ti-cgt-arm_20.2.0.LTS\lib\</path>
         <kind>archive</kind>
         <file>rtsv7M4_T_le_v4SPD16_eabi.lib</file>
         <name>cpy_tbl.c.obj</name>
      </input_file>
      <input_file id="fl-e2">
         <path>C:\ti\ccs1000\ccs\tools\compiler\ti-cgt-arm_20.2.0.LTS\lib\</path>
         <kind>archive</kind>
         <file>rtsv7M4_T_le_v4SPD16_eabi.lib</file>
         <name>exit.c.obj</name>
      </input_file>
      <input_file id="fl-e3">
         <path>C:\ti\ccs1000\ccs\tools\compiler\ti-cgt-arm_20.2.0.LTS\lib\</path>
         <kind>archive</kind>
         <file>rtsv7M4_T_le_v4SPD16_eabi.lib</file>
         <name>_lock.c.obj</name>
      </input_file>
      <input_file id="fl-e4">
         <path>C:\ti\ccs1000\ccs\tools\compiler\ti-cgt-arm_20.2.0.LTS\lib\</path>
         <kind>archive</kind>
         <file>rtsv7M4_T_le_v4SPD16_eabi.lib</file>
         <name>args_main.c.obj</name>
      </input_file>
   </input_file_list>
   <object_component_list>
      <object_component id="oc-26">
         <name>.intvecs:retain</name>
         <load_address>0x0</load_address>
         <run_address>0x0</run_address>
         <size>0xe4</size>
         <input_file_ref idref="fl-4"/>
      </object_component>
      <object_component id="oc-73">
         <name>.text</name>
         <load_address>0xe8</load_address>
         <run_address>0xe8</run_address>
         <size>0x8c0</size>
         <input_file_ref idref="fl-e"/>
      </object_component>
      <object_component id="oc-19e">
         <name>.text:DMA_assignChannel</name>
         <load_address>0x9a8</load_address>
         <run_address>0x9a8</run_address>
         <size>0x210</size>
         <input_file_ref idref="fl-12"/>
      </object_component>
      <object_component id="oc-357">
         <name>.text</name>
         <load_address>0xbb8</load_address>
         <run_address>0xbb8</run_address>
         <size>0x1b6</size>
         <input_file_ref idref="fl-d4"/>
      </object_component>
      <object_component id="oc-29a">
         <name>.text:_getIndexForMemRegister</name>
         <load_address>0xd70</load_address>
         <run_address>0xd70</run_address>
         <size>0x160</size>
         <input_file_ref idref="fl-10"/>
      </object_component>
      <object_component id="oc-433">
         <name>.text:__PCM_setPowerModeAdvanced</name>
         <load_address>0xed0</load_address>
         <run_address>0xed0</run_address>
         <size>0x15c</size>
         <input_file_ref idref="fl-16"/>
      </object_component>
      <object_component id="oc-31b">
         <name>.text:privateTimer_AProcessClockSourceDivider</name>
         <load_address>0x102c</load_address>
         <run_address>0x102c</run_address>
         <size>0x144</size>
         <input_file_ref idref="fl-1c"/>
      </object_component>
      <object_component id="oc-137">
         <name>.text:CS_initClockSignal</name>
         <load_address>0x1170</load_address>
         <run_address>0x1170</run_address>
         <size>0x130</size>
         <input_file_ref idref="fl-11"/>
      </object_component>
      <object_component id="oc-346">
         <name>.text</name>
         <load_address>0x12a0</load_address>
         <run_address>0x12a0</run_address>
         <size>0x128</size>
         <input_file_ref idref="fl-d"/>
      </object_component>
      <object_component id="oc-2ce">
         <name>.text:__PCM_setCoreVoltageLevelAdvanced</name>
         <load_address>0x13c8</load_address>
         <run_address>0x13c8</run_address>
         <size>0x108</size>
         <input_file_ref idref="fl-16"/>
      </object_component>
      <object_component id="oc-352">
         <name>.text</name>
         <load_address>0x14d0</load_address>
         <run_address>0x14d0</run_address>
         <size>0xfc</size>
         <input_file_ref idref="fl-d5"/>
      </object_component>
      <object_component id="oc-192">
         <name>.text:DMA_setChannelTransfer</name>
         <load_address>0x15cc</load_address>
         <run_address>0x15cc</run_address>
         <size>0xf0</size>
         <input_file_ref idref="fl-12"/>
      </object_component>
      <object_component id="oc-113">
         <name>.text</name>
         <load_address>0x16bc</load_address>
         <run_address>0x16bc</run_address>
         <size>0xbc</size>
         <input_file_ref idref="fl-f"/>
      </object_component>
      <object_component id="oc-1ba">
         <name>.text:qsort</name>
         <load_address>0x1778</load_address>
         <run_address>0x1778</run_address>
         <size>0xba</size>
         <input_file_ref idref="fl-dc"/>
      </object_component>
      <object_component id="oc-162">
         <name>.text:ADC14_configureConversionMemory</name>
         <load_address>0x1834</load_address>
         <run_address>0x1834</run_address>
         <size>0xb4</size>
         <input_file_ref idref="fl-10"/>
      </object_component>
      <object_component id="oc-2b6">
         <name>.text:SPI_initMaster</name>
         <load_address>0x18e8</load_address>
         <run_address>0x18e8</run_address>
         <size>0xb0</size>
         <input_file_ref idref="fl-18"/>
      </object_component>
      <object_component id="oc-37">
         <name>.text</name>
         <load_address>0x1998</load_address>
         <run_address>0x1998</run_address>
         <size>0x9c</size>
         <input_file_ref idref="fl-de"/>
      </object_component>
      <object_component id="oc-13d">
         <name>.text:GPIO_setAsPeripheralModuleFunctionInputPin</name>
         <load_address>0x1a34</load_address>
         <run_address>0x1a34</run_address>
         <size>0x88</size>
         <input_file_ref idref="fl-14"/>
      </object_component>
      <object_component id="oc-2b0">
         <name>.text:GPIO_setAsPeripheralModuleFunctionOutputPin</name>
         <load_address>0x1abc</load_address>
         <run_address>0x1abc</run_address>
         <size>0x88</size>
         <input_file_ref idref="fl-14"/>
      </object_component>
      <object_component id="oc-1df">
         <name>.text:DMA_getChannelAttribute</name>
         <load_address>0x1b44</load_address>
         <run_address>0x1b44</run_address>
         <size>0x80</size>
         <input_file_ref idref="fl-12"/>
      </object_component>
      <object_component id="oc-174">
         <name>.text:Interrupt_enableInterrupt</name>
         <load_address>0x1bc4</load_address>
         <run_address>0x1bc4</run_address>
         <size>0x80</size>
         <input_file_ref idref="fl-15"/>
      </object_component>
      <object_component id="oc-93">
         <name>.text</name>
         <load_address>0x1c44</load_address>
         <run_address>0x1c44</run_address>
         <size>0x7a</size>
         <input_file_ref idref="fl-d8"/>
      </object_component>
      <object_component id="oc-1ae">
         <name>.text:Timer_A_generatePWM</name>
         <load_address>0x1cc0</load_address>
         <run_address>0x1cc0</run_address>
         <size>0x74</size>
         <input_file_ref idref="fl-1c"/>
      </object_component>
      <object_component id="oc-291">
         <name>.text:CPU_wfi</name>
         <load_address>0x1d34</load_address>
         <run_address>0x1d34</run_address>
         <size>0x4</size>
         <input_file_ref idref="fl-1e"/>
      </object_component>
      <object_component id="oc-b1">
         <name>.text:SystemInit</name>
         <load_address>0x1d38</load_address>
         <run_address>0x1d38</run_address>
         <size>0x6e</size>
         <input_file_ref idref="fl-3"/>
      </object_component>
      <object_component id="oc-35c">
         <name>.text</name>
         <load_address>0x1da6</load_address>
         <run_address>0x1da6</run_address>
         <size>0x6e</size>
         <input_file_ref idref="fl-d6"/>
      </object_component>
      <object_component id="oc-1c0">
         <name>.text:Timer32_initModule</name>
         <load_address>0x1e14</load_address>
         <run_address>0x1e14</run_address>
         <size>0x68</size>
         <input_file_ref idref="fl-1b"/>
      </object_component>
      <object_component id="oc-17">
         <name>.text:decompress:lzss:__TI_decompress_lzss</name>
         <load_address>0x1e7c</load_address>
         <run_address>0x1e7c</run_address>
         <size>0x68</size>
         <input_file_ref idref="fl-db"/>
      </object_component>
      <object_component id="oc-186">
         <name>.text:DMA_disableChannelAttribute</name>
         <load_address>0x1ee4</load_address>
         <run_address>0x1ee4</run_address>
         <size>0x64</size>
         <input_file_ref idref="fl-12"/>
      </object_component>
      <object_component id="oc-198">
         <name>.text:DMA_assignInterrupt</name>
         <load_address>0x1f48</load_address>
         <run_address>0x1f48</run_address>
         <size>0x60</size>
         <input_file_ref idref="fl-12"/>
      </object_component>
      <object_component id="oc-3bc">
         <name>.text:PCM_getCoreVoltageLevel</name>
         <load_address>0x1fa8</load_address>
         <run_address>0x1fa8</run_address>
         <size>0x5e</size>
         <input_file_ref idref="fl-16"/>
      </object_component>
      <object_component id="oc-3b6">
         <name>.text:PCM_getPowerMode</name>
         <load_address>0x2006</load_address>
         <run_address>0x2006</run_address>
         <size>0x5a</size>
         <input_file_ref idref="fl-16"/>
      </object_component>
      <object_component id="oc-15c">
         <name>.text:ADC14_configureSingleSampleMode</name>
         <load_address>0x2060</load_address>
         <run_address>0x2060</run_address>
         <size>0x58</size>
         <input_file_ref idref="fl-10"/>
      </object_component>
      <object_component id="oc-11f">
         <name>.text:GPIO_setAsInputPinWithPullUpResistor</name>
         <load_address>0x20b8</load_address>
         <run_address>0x20b8</run_address>
         <size>0x58</size>
         <input_file_ref idref="fl-14"/>
      </object_component>
      <object_component id="oc-14a">
         <name>.text:ADC14_initModule</name>
         <load_address>0x2110</load_address>
         <run_address>0x2110</run_address>
         <size>0x54</size>
         <input_file_ref idref="fl-10"/>
      </object_component>
      <object_component id="oc-99">
         <name>.text:_system_pre_init</name>
         <load_address>0x2164</load_address>
         <run_address>0x2164</run_address>
         <size>0x4</size>
         <input_file_ref idref="fl-e0"/>
      </object_component>
      <object_component id="oc-227">
         <name>.text:processSample</name>
         <load_address>0x2168</load_address>
         <run_address>0x2168</run_address>
         <size>0x50</size>
         <input_file_ref idref="fl-2"/>
      </object_component>
      <object_component id="oc-2ec">
         <name>.text:DMA_enableInterrupt</name>
         <load_address>0x21b8</load_address>
         <run_address>0x21b8</run_address>
         <size>0x4c</size>
         <input_file_ref idref="fl-12"/>
      </object_component>
      <object_component id="oc-1cc">
         <name>.text:GPIO_setAsInputPin</name>
         <load_address>0x2204</load_address>
         <run_address>0x2204</run_address>
         <size>0x4c</size>
         <input_file_ref idref="fl-14"/>
      </object_component>
      <object_component id="oc-150">
         <name>.text:ADC14_setSampleHoldTrigger</name>
         <load_address>0x2250</load_address>
         <run_address>0x2250</run_address>
         <size>0x48</size>
         <input_file_ref idref="fl-10"/>
      </object_component>
      <object_component id="oc-12b">
         <name>.text:FlashCtl_setWaitState</name>
         <load_address>0x2298</load_address>
         <run_address>0x2298</run_address>
         <size>0x48</size>
         <input_file_ref idref="fl-13"/>
      </object_component>
      <object_component id="oc-23a">
         <name>.text:__TI_auto_init_nobinit_nopinit:__TI_auto_init_nobinit_nopinit</name>
         <load_address>0x22e0</load_address>
         <run_address>0x22e0</run_address>
         <size>0x44</size>
         <input_file_ref idref="fl-df"/>
      </object_component>
      <object_component id="oc-119">
         <name>.text:GPIO_setAsOutputPin</name>
         <load_address>0x2324</load_address>
         <run_address>0x2324</run_address>
         <size>0x40</size>
         <input_file_ref idref="fl-14"/>
      </object_component>
      <object_component id="oc-398">
         <name>.text:is_A_Module</name>
         <load_address>0x2364</load_address>
         <run_address>0x2364</run_address>
         <size>0x40</size>
         <input_file_ref idref="fl-18"/>
      </object_component>
      <object_component id="oc-18c">
         <name>.text:DMA_setChannelControl</name>
         <load_address>0x23a4</load_address>
         <run_address>0x23a4</run_address>
         <size>0x3c</size>
         <input_file_ref idref="fl-12"/>
      </object_component>
      <object_component id="oc-1ee">
         <name>.text:ADC14_getEnabledInterruptStatus</name>
         <load_address>0x23e0</load_address>
         <run_address>0x23e0</run_address>
         <size>0x38</size>
         <input_file_ref idref="fl-10"/>
      </object_component>
      <object_component id="oc-1c6">
         <name>.text:Timer32_startTimer</name>
         <load_address>0x2418</load_address>
         <run_address>0x2418</run_address>
         <size>0x38</size>
         <input_file_ref idref="fl-1b"/>
      </object_component>
      <object_component id="oc-34d">
         <name>.text</name>
         <load_address>0x2450</load_address>
         <run_address>0x2450</run_address>
         <size>0x38</size>
         <input_file_ref idref="fl-d7"/>
      </object_component>
      <object_component id="oc-156">
         <name>.text:ADC14_enableSampleTimer</name>
         <load_address>0x2488</load_address>
         <run_address>0x2488</run_address>
         <size>0x34</size>
         <input_file_ref idref="fl-10"/>
      </object_component>
      <object_component id="oc-131">
         <name>.text:CS_setDCOCenteredFrequency</name>
         <load_address>0x24bc</load_address>
         <run_address>0x24bc</run_address>
         <size>0x34</size>
         <input_file_ref idref="fl-11"/>
      </object_component>
      <object_component id="oc-55">
         <name>.text:_c_int00_noargs:_c_int00_noargs</name>
         <load_address>0x24f0</load_address>
         <run_address>0x24f0</run_address>
         <size>0x34</size>
         <input_file_ref idref="fl-dd"/>
      </object_component>
      <object_component id="oc-1f4">
         <name>.text:ADC14_clearInterruptFlag</name>
         <load_address>0x2524</load_address>
         <run_address>0x2524</run_address>
         <size>0x30</size>
         <input_file_ref idref="fl-10"/>
      </object_component>
      <object_component id="oc-16e">
         <name>.text:ADC14_enableInterrupt</name>
         <load_address>0x2554</load_address>
         <run_address>0x2554</run_address>
         <size>0x30</size>
         <input_file_ref idref="fl-10"/>
      </object_component>
      <object_component id="oc-d1">
         <name>.text:GPIO_getInputPinValue</name>
         <load_address>0x2584</load_address>
         <run_address>0x2584</run_address>
         <size>0x30</size>
         <input_file_ref idref="fl-14"/>
      </object_component>
      <object_component id="oc-337">
         <name>.text:ADC14_getInterruptStatus</name>
         <load_address>0x25b4</load_address>
         <run_address>0x25b4</run_address>
         <size>0x2c</size>
         <input_file_ref idref="fl-10"/>
      </object_component>
      <object_component id="oc-101">
         <name>.text:ADC14_toggleConversionTrigger</name>
         <load_address>0x25e0</load_address>
         <run_address>0x25e0</run_address>
         <size>0x2c</size>
         <input_file_ref idref="fl-10"/>
      </object_component>
      <object_component id="oc-1d8">
         <name>.text:Timer_A_clearCaptureCompareInterrupt</name>
         <load_address>0x260c</load_address>
         <run_address>0x260c</run_address>
         <size>0x2c</size>
         <input_file_ref idref="fl-1c"/>
      </object_component>
      <object_component id="oc-1b4">
         <name>.text:Timer_A_enableCaptureCompareInterrupt</name>
         <load_address>0x2638</load_address>
         <run_address>0x2638</run_address>
         <size>0x2c</size>
         <input_file_ref idref="fl-1c"/>
      </object_component>
      <object_component id="oc-f5">
         <name>.text:ADC14_enableConversion</name>
         <load_address>0x2664</load_address>
         <run_address>0x2664</run_address>
         <size>0x28</size>
         <input_file_ref idref="fl-10"/>
      </object_component>
      <object_component id="oc-10d">
         <name>.text:ADC14_getResult</name>
         <load_address>0x268c</load_address>
         <run_address>0x268c</run_address>
         <size>0x28</size>
         <input_file_ref idref="fl-10"/>
      </object_component>
      <object_component id="oc-dd">
         <name>.text:GPIO_setOutputHighOnPin</name>
         <load_address>0x26b4</load_address>
         <run_address>0x26b4</run_address>
         <size>0x28</size>
         <input_file_ref idref="fl-14"/>
      </object_component>
      <object_component id="oc-e3">
         <name>.text:GPIO_setOutputLowOnPin</name>
         <load_address>0x26dc</load_address>
         <run_address>0x26dc</run_address>
         <size>0x28</size>
         <input_file_ref idref="fl-14"/>
      </object_component>
      <object_component id="oc-fb">
         <name>.text:PCM_gotoLPM0</name>
         <load_address>0x2704</load_address>
         <run_address>0x2704</run_address>
         <size>0x28</size>
         <input_file_ref idref="fl-16"/>
      </object_component>
      <object_component id="oc-221">
         <name>.text:WDT_A_holdTimer</name>
         <load_address>0x272c</load_address>
         <run_address>0x272c</run_address>
         <size>0x24</size>
         <input_file_ref idref="fl-1d"/>
      </object_component>
      <object_component id="oc-168">
         <name>.text:ADC14_setResolution</name>
         <load_address>0x2750</load_address>
         <run_address>0x2750</run_address>
         <size>0x20</size>
         <input_file_ref idref="fl-10"/>
      </object_component>
      <object_component id="oc-9f">
         <name>.text:main</name>
         <load_address>0x2770</load_address>
         <run_address>0x2770</run_address>
         <size>0x1e</size>
         <input_file_ref idref="fl-2"/>
      </object_component>
      <object_component id="oc-ef">
         <name>.text:DMA_enableChannel</name>
         <load_address>0x2790</load_address>
         <run_address>0x2790</run_address>
         <size>0x1c</size>
         <input_file_ref idref="fl-12"/>
      </object_component>
      <object_component id="oc-2a4">
         <name>.text:EUSCI_B_SPI_isBusy</name>
         <load_address>0x27ac</load_address>
         <run_address>0x27ac</run_address>
         <size>0x1c</size>
         <input_file_ref idref="fl-18"/>
      </object_component>
      <object_component id="oc-2bc">
         <name>.text:SPI_enableModule</name>
         <load_address>0x27c8</load_address>
         <run_address>0x27c8</run_address>
         <size>0x1c</size>
         <input_file_ref idref="fl-18"/>
      </object_component>
      <object_component id="oc-c5">
         <name>.text:Timer_A_clearTimer</name>
         <load_address>0x27e4</load_address>
         <run_address>0x27e4</run_address>
         <size>0x18</size>
         <input_file_ref idref="fl-1c"/>
      </object_component>
      <object_component id="oc-3a0">
         <name>.text:EUSCI_A_SPI_enable</name>
         <load_address>0x27fc</load_address>
         <run_address>0x27fc</run_address>
         <size>0x16</size>
         <input_file_ref idref="fl-18"/>
      </object_component>
      <object_component id="oc-3a6">
         <name>.text:EUSCI_B_SPI_enable</name>
         <load_address>0x2812</load_address>
         <run_address>0x2812</run_address>
         <size>0x16</size>
         <input_file_ref idref="fl-18"/>
      </object_component>
      <object_component id="oc-2aa">
         <name>.text:EUSCI_B_SPI_transmitData</name>
         <load_address>0x2828</load_address>
         <run_address>0x2828</run_address>
         <size>0x16</size>
         <input_file_ref idref="fl-18"/>
      </object_component>
      <object_component id="oc-cb">
         <name>.text:Timer_A_startCounter</name>
         <load_address>0x283e</load_address>
         <run_address>0x283e</run_address>
         <size>0x16</size>
         <input_file_ref idref="fl-1c"/>
      </object_component>
      <object_component id="oc-180">
         <name>.text:DMA_setControlBase</name>
         <load_address>0x2854</load_address>
         <run_address>0x2854</run_address>
         <size>0x14</size>
         <input_file_ref idref="fl-12"/>
      </object_component>
      <object_component id="oc-3c2">
         <name>.text:PCM_getPowerState</name>
         <load_address>0x2868</load_address>
         <run_address>0x2868</run_address>
         <size>0x14</size>
         <input_file_ref idref="fl-16"/>
      </object_component>
      <object_component id="oc-bf">
         <name>.text:Timer32_haltTimer</name>
         <load_address>0x287c</load_address>
         <run_address>0x287c</run_address>
         <size>0x14</size>
         <input_file_ref idref="fl-1b"/>
      </object_component>
      <object_component id="oc-b9">
         <name>.text:Timer_A_stopTimer</name>
         <load_address>0x2890</load_address>
         <run_address>0x2890</run_address>
         <size>0x14</size>
         <input_file_ref idref="fl-1c"/>
      </object_component>
      <object_component id="oc-107">
         <name>.text:ADC14_isBusy</name>
         <load_address>0x28a4</load_address>
         <run_address>0x28a4</run_address>
         <size>0x10</size>
         <input_file_ref idref="fl-10"/>
      </object_component>
      <object_component id="oc-28a">
         <name>.text:ADCIsConversionRunning</name>
         <load_address>0x28b4</load_address>
         <run_address>0x28b4</run_address>
         <size>0x10</size>
         <input_file_ref idref="fl-10"/>
      </object_component>
      <object_component id="oc-e9">
         <name>.text:Interrupt_enableMaster</name>
         <load_address>0x28c4</load_address>
         <run_address>0x28c4</run_address>
         <size>0x10</size>
         <input_file_ref idref="fl-15"/>
      </object_component>
      <object_component id="oc-125">
         <name>.text:PCM_setCoreVoltageLevel</name>
         <load_address>0x28d4</load_address>
         <run_address>0x28d4</run_address>
         <size>0x10</size>
         <input_file_ref idref="fl-16"/>
      </object_component>
      <object_component id="oc-3c8">
         <name>.text:PCM_setPowerMode</name>
         <load_address>0x28e4</load_address>
         <run_address>0x28e4</run_address>
         <size>0x10</size>
         <input_file_ref idref="fl-16"/>
      </object_component>
      <object_component id="oc-d7">
         <name>.text:Timer32_getValue</name>
         <load_address>0x28f4</load_address>
         <run_address>0x28f4</run_address>
         <size>0xe</size>
         <input_file_ref idref="fl-1b"/>
      </object_component>
      <object_component id="oc-1d">
         <name>.text:decompress:none:__TI_decompress_none</name>
         <load_address>0x2902</load_address>
         <run_address>0x2902</run_address>
         <size>0xe</size>
         <input_file_ref idref="fl-da"/>
      </object_component>
      <object_component id="oc-144">
         <name>.text:ADC14_enableModule</name>
         <load_address>0x2910</load_address>
         <run_address>0x2910</run_address>
         <size>0xc</size>
         <input_file_ref idref="fl-10"/>
      </object_component>
      <object_component id="oc-282">
         <name>.text:CPU_cpsie</name>
         <load_address>0x291c</load_address>
         <run_address>0x291c</run_address>
         <size>0xc</size>
         <input_file_ref idref="fl-1e"/>
      </object_component>
      <object_component id="oc-1e5">
         <name>.text:DMA_clearErrorStatus</name>
         <load_address>0x2928</load_address>
         <run_address>0x2928</run_address>
         <size>0xc</size>
         <input_file_ref idref="fl-12"/>
      </object_component>
      <object_component id="oc-17a">
         <name>.text:DMA_enableModule</name>
         <load_address>0x2934</load_address>
         <run_address>0x2934</run_address>
         <size>0xc</size>
         <input_file_ref idref="fl-12"/>
      </object_component>
      <object_component id="oc-67">
         <name>.text:Reset_Handler</name>
         <load_address>0x2940</load_address>
         <run_address>0x2940</run_address>
         <size>0xc</size>
         <input_file_ref idref="fl-4"/>
      </object_component>
      <object_component id="oc-49">
         <name>.text:decompress:ZI:__TI_zero_init</name>
         <load_address>0x294c</load_address>
         <run_address>0x294c</run_address>
         <size>0xc</size>
         <input_file_ref idref="fl-d9"/>
      </object_component>
      <object_component id="oc-22e">
         <name>.text:abort:abort</name>
         <load_address>0x2958</load_address>
         <run_address>0x2958</run_address>
         <size>0x4</size>
         <input_file_ref idref="fl-e2"/>
      </object_component>
      <object_component id="oc-6d">
         <name>.text:Default_Handler</name>
         <load_address>0x2960</load_address>
         <run_address>0x2960</run_address>
         <size>0x2</size>
         <input_file_ref idref="fl-4"/>
      </object_component>
      <object_component id="oc-2a0">
         <name>.const:_ctlRegs</name>
         <load_address>0x2964</load_address>
         <run_address>0x2964</run_address>
         <size>0x80</size>
         <input_file_ref idref="fl-10"/>
      </object_component>
      <object_component id="oc-27b">
         <name>.const:GPIO_PORT_TO_BASE</name>
         <load_address>0x29e4</load_address>
         <run_address>0x29e4</run_address>
         <size>0x30</size>
         <input_file_ref idref="fl-14"/>
      </object_component>
      <object_component id="oc-1d5">
         <name>.const:$P$T0$1</name>
         <load_address>0x2a14</load_address>
         <run_address>0x2a14</run_address>
         <size>0x20</size>
         <input_file_ref idref="fl-e"/>
      </object_component>
      <object_component id="oc-2c2">
         <name>.const:$P$T0$1</name>
         <load_address>0x2a34</load_address>
         <run_address>0x2a34</run_address>
         <size>0x1c</size>
         <input_file_ref idref="fl-f"/>
      </object_component>
      <object_component id="oc-1eb">
         <name>.const:$P$T1$2</name>
         <load_address>0x2a50</load_address>
         <run_address>0x2a50</run_address>
         <size>0xa</size>
         <input_file_ref idref="fl-e"/>
      </object_component>
      <object_component id="oc-2e2">
         <name>.const:g_pulEnRegs</name>
         <load_address>0x2a5c</load_address>
         <run_address>0x2a5c</run_address>
         <size>0x8</size>
         <input_file_ref idref="fl-15"/>
      </object_component>
      <object_component id="oc-47f">
         <name>.cinit..data.load</name>
         <load_address>0x2a68</load_address>
         <run_address>0x2a68</run_address>
         <size>0x12</size>
      </object_component>
      <object_component id="oc-47d">
         <name>__TI_handler_table</name>
         <load_address>0x2a7c</load_address>
         <run_address>0x2a7c</run_address>
         <size>0xc</size>
      </object_component>
      <object_component id="oc-480">
         <name>.cinit..bss.load</name>
         <load_address>0x2a88</load_address>
         <run_address>0x2a88</run_address>
         <size>0x8</size>
      </object_component>
      <object_component id="oc-47e">
         <name>__TI_cinit_table</name>
         <load_address>0x2a90</load_address>
         <run_address>0x2a90</run_address>
         <size>0x10</size>
      </object_component>
      <object_component id="oc-451">
         <name>.binit</name>
         <load_address>0x0</load_address>
         <run_address>0x0</run_address>
         <size>0x0</size>
      </object_component>
      <object_component id="oc-1a9">
         <name>.data</name>
         <load_address>0x20000624</load_address>
         <run_address>0x20000624</run_address>
         <size>0x1c</size>
         <input_file_ref idref="fl-e"/>
      </object_component>
      <object_component id="oc-34c">
         <name>.bss</name>
         <uninitialized>true</uninitialized>
         <run_address>0x20000618</run_address>
         <size>0x4</size>
         <input_file_ref idref="fl-2"/>
      </object_component>
      <object_component id="oc-1d2">
         <name>.bss:dmaControlTable</name>
         <uninitialized>true</uninitialized>
         <run_address>0x20000000</run_address>
         <size>0x200</size>
         <input_file_ref idref="fl-e"/>
      </object_component>
      <object_component id="oc-143">
         <name>.bss</name>
         <uninitialized>true</uninitialized>
         <run_address>0x2000061c</run_address>
         <size>0x4</size>
         <input_file_ref idref="fl-e"/>
      </object_component>
      <object_component id="oc-1a8">
         <name>.common:glbIO</name>
         <uninitialized>true</uninitialized>
         <run_address>0x20000620</run_address>
         <size>0x1</size>
      </object_component>
      <object_component id="oc-1a4">
         <name>.common:glbPingADC</name>
         <uninitialized>true</uninitialized>
         <run_address>0x20000200</run_address>
         <size>0x100</size>
      </object_component>
      <object_component id="oc-1ac">
         <name>.common:glbPongADC</name>
         <uninitialized>true</uninitialized>
         <run_address>0x20000400</run_address>
         <size>0x100</size>
      </object_component>
      <object_component id="oc-1a7">
         <name>.common:glbPingDAC</name>
         <uninitialized>true</uninitialized>
         <run_address>0x20000300</run_address>
         <size>0x100</size>
      </object_component>
      <object_component id="oc-1ad">
         <name>.common:glbPongDAC</name>
         <uninitialized>true</uninitialized>
         <run_address>0x20000500</run_address>
         <size>0x100</size>
      </object_component>
      <object_component id="oc-1de">
         <name>.common:glbPWMConfig</name>
         <uninitialized>true</uninitialized>
         <run_address>0x20000600</run_address>
         <size>0x18</size>
      </object_component>
      <object_component id="oc-29">
         <name>.stack</name>
         <uninitialized>true</uninitialized>
         <run_address>0x2000fe00</run_address>
         <size>0x4</size>
         <input_file_ref idref="fl-dd"/>
      </object_component>
      <object_component id="oc-482">
         <name>.stack</name>
         <uninitialized>true</uninitialized>
         <run_address>0x2000fe00</run_address>
         <size>0x0</size>
      </object_component>
      <object_component id="oc-33f">
         <name>.debug_info</name>
         <load_address>0x0</load_address>
         <run_address>0x0</run_address>
         <size>0x73c</size>
         <input_file_ref idref="fl-2"/>
      </object_component>
      <object_component id="oc-229">
         <name>.debug_info</name>
         <load_address>0x73c</load_address>
         <run_address>0x73c</run_address>
         <size>0x1ce</size>
         <input_file_ref idref="fl-2"/>
      </object_component>
      <object_component id="oc-a1">
         <name>.debug_info</name>
         <load_address>0x90a</load_address>
         <run_address>0x90a</run_address>
         <size>0x158</size>
         <input_file_ref idref="fl-2"/>
      </object_component>
      <object_component id="oc-200">
         <name>.debug_info</name>
         <load_address>0xa62</load_address>
         <run_address>0xa62</run_address>
         <size>0x105</size>
         <input_file_ref idref="fl-2"/>
      </object_component>
      <object_component id="oc-362">
         <name>.debug_info</name>
         <load_address>0xb67</load_address>
         <run_address>0xb67</run_address>
         <size>0x1ea6</size>
         <input_file_ref idref="fl-2"/>
      </object_component>
      <object_component id="oc-20c">
         <name>.debug_info</name>
         <load_address>0x2a0d</load_address>
         <run_address>0x2a0d</run_address>
         <size>0x26b</size>
         <input_file_ref idref="fl-2"/>
      </object_component>
      <object_component id="oc-2fb">
         <name>.debug_info</name>
         <load_address>0x2c78</load_address>
         <run_address>0x2c78</run_address>
         <size>0x1028</size>
         <input_file_ref idref="fl-2"/>
      </object_component>
      <object_component id="oc-3f8">
         <name>.debug_info</name>
         <load_address>0x3ca0</load_address>
         <run_address>0x3ca0</run_address>
         <size>0x37e2</size>
         <input_file_ref idref="fl-2"/>
      </object_component>
      <object_component id="oc-300">
         <name>.debug_info</name>
         <load_address>0x7482</load_address>
         <run_address>0x7482</run_address>
         <size>0x8a</size>
         <input_file_ref idref="fl-2"/>
      </object_component>
      <object_component id="oc-305">
         <name>.debug_info</name>
         <load_address>0x750c</load_address>
         <run_address>0x750c</run_address>
         <size>0x341</size>
         <input_file_ref idref="fl-2"/>
      </object_component>
      <object_component id="oc-32">
         <name>.debug_info</name>
         <load_address>0x784d</load_address>
         <run_address>0x784d</run_address>
         <size>0x84</size>
         <input_file_ref idref="fl-2"/>
      </object_component>
      <object_component id="oc-340">
         <name>.debug_info</name>
         <load_address>0x78d1</load_address>
         <run_address>0x78d1</run_address>
         <size>0x2a4</size>
         <input_file_ref idref="fl-2"/>
      </object_component>
      <object_component id="oc-30a">
         <name>.debug_info</name>
         <load_address>0x7b75</load_address>
         <run_address>0x7b75</run_address>
         <size>0xef</size>
         <input_file_ref idref="fl-2"/>
      </object_component>
      <object_component id="oc-205">
         <name>.debug_info</name>
         <load_address>0x7c64</load_address>
         <run_address>0x7c64</run_address>
         <size>0xbb</size>
         <input_file_ref idref="fl-2"/>
      </object_component>
      <object_component id="oc-218">
         <name>.debug_info</name>
         <load_address>0x7d1f</load_address>
         <run_address>0x7d1f</run_address>
         <size>0x2c</size>
         <input_file_ref idref="fl-2"/>
      </object_component>
      <object_component id="oc-2c6">
         <name>.debug_info</name>
         <load_address>0x7d4b</load_address>
         <run_address>0x7d4b</run_address>
         <size>0x131</size>
         <input_file_ref idref="fl-2"/>
      </object_component>
      <object_component id="oc-b4">
         <name>.debug_info</name>
         <load_address>0x7e7c</load_address>
         <run_address>0x7e7c</run_address>
         <size>0x13f</size>
         <input_file_ref idref="fl-3"/>
      </object_component>
      <object_component id="oc-7b">
         <name>.debug_info</name>
         <load_address>0x7fbb</load_address>
         <run_address>0x7fbb</run_address>
         <size>0x2df</size>
         <input_file_ref idref="fl-4"/>
      </object_component>
      <object_component id="oc-27">
         <name>.debug_info</name>
         <load_address>0x829a</load_address>
         <run_address>0x829a</run_address>
         <size>0x10b</size>
         <input_file_ref idref="fl-4"/>
      </object_component>
      <object_component id="oc-6a">
         <name>.debug_info</name>
         <load_address>0x83a5</load_address>
         <run_address>0x83a5</run_address>
         <size>0x16e</size>
         <input_file_ref idref="fl-4"/>
      </object_component>
      <object_component id="oc-71">
         <name>.debug_info</name>
         <load_address>0x8513</load_address>
         <run_address>0x8513</run_address>
         <size>0x156</size>
         <input_file_ref idref="fl-4"/>
      </object_component>
      <object_component id="oc-3fe">
         <name>.debug_info</name>
         <load_address>0x8669</load_address>
         <run_address>0x8669</run_address>
         <size>0x350</size>
         <input_file_ref idref="fl-d"/>
      </object_component>
      <object_component id="oc-349">
         <name>.debug_info</name>
         <load_address>0x89b9</load_address>
         <run_address>0x89b9</run_address>
         <size>0x835</size>
         <input_file_ref idref="fl-d"/>
      </object_component>
      <object_component id="oc-1a5">
         <name>.debug_info</name>
         <load_address>0x91ee</load_address>
         <run_address>0x91ee</run_address>
         <size>0x1453</size>
         <input_file_ref idref="fl-e"/>
      </object_component>
      <object_component id="oc-1aa">
         <name>.debug_info</name>
         <load_address>0xa641</load_address>
         <run_address>0xa641</run_address>
         <size>0x267</size>
         <input_file_ref idref="fl-e"/>
      </object_component>
      <object_component id="oc-1d3">
         <name>.debug_info</name>
         <load_address>0xa8a8</load_address>
         <run_address>0xa8a8</run_address>
         <size>0x109</size>
         <input_file_ref idref="fl-e"/>
      </object_component>
      <object_component id="oc-1d6">
         <name>.debug_info</name>
         <load_address>0xa9b1</load_address>
         <run_address>0xa9b1</run_address>
         <size>0xf8</size>
         <input_file_ref idref="fl-e"/>
      </object_component>
      <object_component id="oc-1ec">
         <name>.debug_info</name>
         <load_address>0xaaa9</load_address>
         <run_address>0xaaa9</run_address>
         <size>0xf8</size>
         <input_file_ref idref="fl-e"/>
      </object_component>
      <object_component id="oc-75">
         <name>.debug_info</name>
         <load_address>0xaba1</load_address>
         <run_address>0xaba1</run_address>
         <size>0x292e</size>
         <input_file_ref idref="fl-e"/>
      </object_component>
      <object_component id="oc-30f">
         <name>.debug_info</name>
         <load_address>0xd4cf</load_address>
         <run_address>0xd4cf</run_address>
         <size>0x6d</size>
         <input_file_ref idref="fl-e"/>
      </object_component>
      <object_component id="oc-2f6">
         <name>.debug_info</name>
         <load_address>0xd53c</load_address>
         <run_address>0xd53c</run_address>
         <size>0x37e2</size>
         <input_file_ref idref="fl-e"/>
      </object_component>
      <object_component id="oc-314">
         <name>.debug_info</name>
         <load_address>0x10d1e</load_address>
         <run_address>0x10d1e</run_address>
         <size>0x103</size>
         <input_file_ref idref="fl-e"/>
      </object_component>
      <object_component id="oc-1fb">
         <name>.debug_info</name>
         <load_address>0x10e21</load_address>
         <run_address>0x10e21</run_address>
         <size>0x8b</size>
         <input_file_ref idref="fl-e"/>
      </object_component>
      <object_component id="oc-2cb">
         <name>.debug_info</name>
         <load_address>0x10eac</load_address>
         <run_address>0x10eac</run_address>
         <size>0x788</size>
         <input_file_ref idref="fl-f"/>
      </object_component>
      <object_component id="oc-2c3">
         <name>.debug_info</name>
         <load_address>0x11634</load_address>
         <run_address>0x11634</run_address>
         <size>0xec</size>
         <input_file_ref idref="fl-f"/>
      </object_component>
      <object_component id="oc-116">
         <name>.debug_info</name>
         <load_address>0x11720</load_address>
         <run_address>0x11720</run_address>
         <size>0x4a3</size>
         <input_file_ref idref="fl-f"/>
      </object_component>
      <object_component id="oc-3b1">
         <name>.debug_info</name>
         <load_address>0x11bc3</load_address>
         <run_address>0x11bc3</run_address>
         <size>0x37e2</size>
         <input_file_ref idref="fl-f"/>
      </object_component>
      <object_component id="oc-2df">
         <name>.debug_info</name>
         <load_address>0x153a5</load_address>
         <run_address>0x153a5</run_address>
         <size>0x706</size>
         <input_file_ref idref="fl-10"/>
      </object_component>
      <object_component id="oc-2a1">
         <name>.debug_info</name>
         <load_address>0x15aab</load_address>
         <run_address>0x15aab</run_address>
         <size>0x124</size>
         <input_file_ref idref="fl-10"/>
      </object_component>
      <object_component id="oc-29d">
         <name>.debug_info</name>
         <load_address>0x15bcf</load_address>
         <run_address>0x15bcf</run_address>
         <size>0x1d9</size>
         <input_file_ref idref="fl-10"/>
      </object_component>
      <object_component id="oc-28d">
         <name>.debug_info</name>
         <load_address>0x15da8</load_address>
         <run_address>0x15da8</run_address>
         <size>0x1b8</size>
         <input_file_ref idref="fl-10"/>
      </object_component>
      <object_component id="oc-147">
         <name>.debug_info</name>
         <load_address>0x15f60</load_address>
         <run_address>0x15f60</run_address>
         <size>0x1ad</size>
         <input_file_ref idref="fl-10"/>
      </object_component>
      <object_component id="oc-159">
         <name>.debug_info</name>
         <load_address>0x1610d</load_address>
         <run_address>0x1610d</run_address>
         <size>0x233</size>
         <input_file_ref idref="fl-10"/>
      </object_component>
      <object_component id="oc-14d">
         <name>.debug_info</name>
         <load_address>0x16340</load_address>
         <run_address>0x16340</run_address>
         <size>0x2fa</size>
         <input_file_ref idref="fl-10"/>
      </object_component>
      <object_component id="oc-16b">
         <name>.debug_info</name>
         <load_address>0x1663a</load_address>
         <run_address>0x1663a</run_address>
         <size>0x1ea</size>
         <input_file_ref idref="fl-10"/>
      </object_component>
      <object_component id="oc-151">
         <name>.debug_info</name>
         <load_address>0x16824</load_address>
         <run_address>0x16824</run_address>
         <size>0x24d</size>
         <input_file_ref idref="fl-10"/>
      </object_component>
      <object_component id="oc-15d">
         <name>.debug_info</name>
         <load_address>0x16a71</load_address>
         <run_address>0x16a71</run_address>
         <size>0x29b</size>
         <input_file_ref idref="fl-10"/>
      </object_component>
      <object_component id="oc-f6">
         <name>.debug_info</name>
         <load_address>0x16d0c</load_address>
         <run_address>0x16d0c</run_address>
         <size>0x1d9</size>
         <input_file_ref idref="fl-10"/>
      </object_component>
      <object_component id="oc-102">
         <name>.debug_info</name>
         <load_address>0x16ee5</load_address>
         <run_address>0x16ee5</run_address>
         <size>0x1ca</size>
         <input_file_ref idref="fl-10"/>
      </object_component>
      <object_component id="oc-108">
         <name>.debug_info</name>
         <load_address>0x170af</load_address>
         <run_address>0x170af</run_address>
         <size>0x1a8</size>
         <input_file_ref idref="fl-10"/>
      </object_component>
      <object_component id="oc-163">
         <name>.debug_info</name>
         <load_address>0x17257</load_address>
         <run_address>0x17257</run_address>
         <size>0x38b</size>
         <input_file_ref idref="fl-10"/>
      </object_component>
      <object_component id="oc-10e">
         <name>.debug_info</name>
         <load_address>0x175e2</load_address>
         <run_address>0x175e2</run_address>
         <size>0x22f</size>
         <input_file_ref idref="fl-10"/>
      </object_component>
      <object_component id="oc-16f">
         <name>.debug_info</name>
         <load_address>0x17811</load_address>
         <run_address>0x17811</run_address>
         <size>0x1eb</size>
         <input_file_ref idref="fl-10"/>
      </object_component>
      <object_component id="oc-339">
         <name>.debug_info</name>
         <load_address>0x179fc</load_address>
         <run_address>0x179fc</run_address>
         <size>0x1d6</size>
         <input_file_ref idref="fl-10"/>
      </object_component>
      <object_component id="oc-1f0">
         <name>.debug_info</name>
         <load_address>0x17bd2</load_address>
         <run_address>0x17bd2</run_address>
         <size>0x1ff</size>
         <input_file_ref idref="fl-10"/>
      </object_component>
      <object_component id="oc-1f6">
         <name>.debug_info</name>
         <load_address>0x17dd1</load_address>
         <run_address>0x17dd1</run_address>
         <size>0x1f1</size>
         <input_file_ref idref="fl-10"/>
      </object_component>
      <object_component id="oc-3d1">
         <name>.debug_info</name>
         <load_address>0x17fc2</load_address>
         <run_address>0x17fc2</run_address>
         <size>0x431a</size>
         <input_file_ref idref="fl-10"/>
      </object_component>
      <object_component id="oc-3db">
         <name>.debug_info</name>
         <load_address>0x1c2dc</load_address>
         <run_address>0x1c2dc</run_address>
         <size>0x26b</size>
         <input_file_ref idref="fl-10"/>
      </object_component>
      <object_component id="oc-3d6">
         <name>.debug_info</name>
         <load_address>0x1c547</load_address>
         <run_address>0x1c547</run_address>
         <size>0x1028</size>
         <input_file_ref idref="fl-10"/>
      </object_component>
      <object_component id="oc-387">
         <name>.debug_info</name>
         <load_address>0x1d56f</load_address>
         <run_address>0x1d56f</run_address>
         <size>0x297</size>
         <input_file_ref idref="fl-10"/>
      </object_component>
      <object_component id="oc-276">
         <name>.debug_info</name>
         <load_address>0x1d806</load_address>
         <run_address>0x1d806</run_address>
         <size>0xef</size>
         <input_file_ref idref="fl-10"/>
      </object_component>
      <object_component id="oc-26e">
         <name>.debug_info</name>
         <load_address>0x1d8f5</load_address>
         <run_address>0x1d8f5</run_address>
         <size>0xbb</size>
         <input_file_ref idref="fl-10"/>
      </object_component>
      <object_component id="oc-138">
         <name>.debug_info</name>
         <load_address>0x1d9b0</load_address>
         <run_address>0x1d9b0</run_address>
         <size>0x29d</size>
         <input_file_ref idref="fl-11"/>
      </object_component>
      <object_component id="oc-132">
         <name>.debug_info</name>
         <load_address>0x1dc4d</load_address>
         <run_address>0x1dc4d</run_address>
         <size>0x1e5</size>
         <input_file_ref idref="fl-11"/>
      </object_component>
      <object_component id="oc-2e8">
         <name>.debug_info</name>
         <load_address>0x1de32</load_address>
         <run_address>0x1de32</run_address>
         <size>0x6f0</size>
         <input_file_ref idref="fl-12"/>
      </object_component>
      <object_component id="oc-17c">
         <name>.debug_info</name>
         <load_address>0x1e522</load_address>
         <run_address>0x1e522</run_address>
         <size>0x1a3</size>
         <input_file_ref idref="fl-12"/>
      </object_component>
      <object_component id="oc-1e7">
         <name>.debug_info</name>
         <load_address>0x1e6c5</load_address>
         <run_address>0x1e6c5</run_address>
         <size>0x1ab</size>
         <input_file_ref idref="fl-12"/>
      </object_component>
      <object_component id="oc-f1">
         <name>.debug_info</name>
         <load_address>0x1e870</load_address>
         <run_address>0x1e870</run_address>
         <size>0x1e0</size>
         <input_file_ref idref="fl-12"/>
      </object_component>
      <object_component id="oc-182">
         <name>.debug_info</name>
         <load_address>0x1ea50</load_address>
         <run_address>0x1ea50</run_address>
         <size>0x1ea</size>
         <input_file_ref idref="fl-12"/>
      </object_component>
      <object_component id="oc-188">
         <name>.debug_info</name>
         <load_address>0x1ec3a</load_address>
         <run_address>0x1ec3a</run_address>
         <size>0x218</size>
         <input_file_ref idref="fl-12"/>
      </object_component>
      <object_component id="oc-1e1">
         <name>.debug_info</name>
         <load_address>0x1ee52</load_address>
         <run_address>0x1ee52</run_address>
         <size>0x205</size>
         <input_file_ref idref="fl-12"/>
      </object_component>
      <object_component id="oc-18e">
         <name>.debug_info</name>
         <load_address>0x1f057</load_address>
         <run_address>0x1f057</run_address>
         <size>0x24c</size>
         <input_file_ref idref="fl-12"/>
      </object_component>
      <object_component id="oc-194">
         <name>.debug_info</name>
         <load_address>0x1f2a3</load_address>
         <run_address>0x1f2a3</run_address>
         <size>0x326</size>
         <input_file_ref idref="fl-12"/>
      </object_component>
      <object_component id="oc-1a0">
         <name>.debug_info</name>
         <load_address>0x1f5c9</load_address>
         <run_address>0x1f5c9</run_address>
         <size>0x1d7</size>
         <input_file_ref idref="fl-12"/>
      </object_component>
      <object_component id="oc-19a">
         <name>.debug_info</name>
         <load_address>0x1f7a0</load_address>
         <run_address>0x1f7a0</run_address>
         <size>0x244</size>
         <input_file_ref idref="fl-12"/>
      </object_component>
      <object_component id="oc-2ee">
         <name>.debug_info</name>
         <load_address>0x1f9e4</load_address>
         <run_address>0x1f9e4</run_address>
         <size>0x1fb</size>
         <input_file_ref idref="fl-12"/>
      </object_component>
      <object_component id="oc-3e5">
         <name>.debug_info</name>
         <load_address>0x1fbdf</load_address>
         <run_address>0x1fbdf</run_address>
         <size>0x8a</size>
         <input_file_ref idref="fl-12"/>
      </object_component>
      <object_component id="oc-12c">
         <name>.debug_info</name>
         <load_address>0x1fc69</load_address>
         <run_address>0x1fc69</run_address>
         <size>0x224</size>
         <input_file_ref idref="fl-13"/>
      </object_component>
      <object_component id="oc-38e">
         <name>.debug_info</name>
         <load_address>0x1fe8d</load_address>
         <run_address>0x1fe8d</run_address>
         <size>0x701</size>
         <input_file_ref idref="fl-14"/>
      </object_component>
      <object_component id="oc-27c">
         <name>.debug_info</name>
         <load_address>0x2058e</load_address>
         <run_address>0x2058e</run_address>
         <size>0x135</size>
         <input_file_ref idref="fl-14"/>
      </object_component>
      <object_component id="oc-11a">
         <name>.debug_info</name>
         <load_address>0x206c3</load_address>
         <run_address>0x206c3</run_address>
         <size>0x252</size>
         <input_file_ref idref="fl-14"/>
      </object_component>
      <object_component id="oc-1ce">
         <name>.debug_info</name>
         <load_address>0x20915</load_address>
         <run_address>0x20915</run_address>
         <size>0x250</size>
         <input_file_ref idref="fl-14"/>
      </object_component>
      <object_component id="oc-2b1">
         <name>.debug_info</name>
         <load_address>0x20b65</load_address>
         <run_address>0x20b65</run_address>
         <size>0x2a5</size>
         <input_file_ref idref="fl-14"/>
      </object_component>
      <object_component id="oc-13e">
         <name>.debug_info</name>
         <load_address>0x20e0a</load_address>
         <run_address>0x20e0a</run_address>
         <size>0x2a3</size>
         <input_file_ref idref="fl-14"/>
      </object_component>
      <object_component id="oc-df">
         <name>.debug_info</name>
         <load_address>0x210ad</load_address>
         <run_address>0x210ad</run_address>
         <size>0x25a</size>
         <input_file_ref idref="fl-14"/>
      </object_component>
      <object_component id="oc-e5">
         <name>.debug_info</name>
         <load_address>0x21307</load_address>
         <run_address>0x21307</run_address>
         <size>0x258</size>
         <input_file_ref idref="fl-14"/>
      </object_component>
      <object_component id="oc-120">
         <name>.debug_info</name>
         <load_address>0x2155f</load_address>
         <run_address>0x2155f</run_address>
         <size>0x274</size>
         <input_file_ref idref="fl-14"/>
      </object_component>
      <object_component id="oc-d3">
         <name>.debug_info</name>
         <load_address>0x217d3</load_address>
         <run_address>0x217d3</run_address>
         <size>0x27e</size>
         <input_file_ref idref="fl-14"/>
      </object_component>
      <object_component id="oc-3e2">
         <name>.debug_info</name>
         <load_address>0x21a51</load_address>
         <run_address>0x21a51</run_address>
         <size>0x68f</size>
         <input_file_ref idref="fl-15"/>
      </object_component>
      <object_component id="oc-2e3">
         <name>.debug_info</name>
         <load_address>0x220e0</load_address>
         <run_address>0x220e0</run_address>
         <size>0x12e</size>
         <input_file_ref idref="fl-15"/>
      </object_component>
      <object_component id="oc-eb">
         <name>.debug_info</name>
         <load_address>0x2220e</load_address>
         <run_address>0x2220e</run_address>
         <size>0x1d5</size>
         <input_file_ref idref="fl-15"/>
      </object_component>
      <object_component id="oc-177">
         <name>.debug_info</name>
         <load_address>0x223e3</load_address>
         <run_address>0x223e3</run_address>
         <size>0x219</size>
         <input_file_ref idref="fl-15"/>
      </object_component>
      <object_component id="oc-2cf">
         <name>.debug_info</name>
         <load_address>0x225fc</load_address>
         <run_address>0x225fc</run_address>
         <size>0x3a5</size>
         <input_file_ref idref="fl-16"/>
      </object_component>
      <object_component id="oc-126">
         <name>.debug_info</name>
         <load_address>0x229a1</load_address>
         <run_address>0x229a1</run_address>
         <size>0x220</size>
         <input_file_ref idref="fl-16"/>
      </object_component>
      <object_component id="oc-3b7">
         <name>.debug_info</name>
         <load_address>0x22bc1</load_address>
         <run_address>0x22bc1</run_address>
         <size>0x1eb</size>
         <input_file_ref idref="fl-16"/>
      </object_component>
      <object_component id="oc-3bd">
         <name>.debug_info</name>
         <load_address>0x22dac</load_address>
         <run_address>0x22dac</run_address>
         <size>0x1f9</size>
         <input_file_ref idref="fl-16"/>
      </object_component>
      <object_component id="oc-434">
         <name>.debug_info</name>
         <load_address>0x22fa5</load_address>
         <run_address>0x22fa5</run_address>
         <size>0x346</size>
         <input_file_ref idref="fl-16"/>
      </object_component>
      <object_component id="oc-3c9">
         <name>.debug_info</name>
         <load_address>0x232eb</load_address>
         <run_address>0x232eb</run_address>
         <size>0x202</size>
         <input_file_ref idref="fl-16"/>
      </object_component>
      <object_component id="oc-fc">
         <name>.debug_info</name>
         <load_address>0x234ed</load_address>
         <run_address>0x234ed</run_address>
         <size>0x1b0</size>
         <input_file_ref idref="fl-16"/>
      </object_component>
      <object_component id="oc-3c4">
         <name>.debug_info</name>
         <load_address>0x2369d</load_address>
         <run_address>0x2369d</run_address>
         <size>0x1ac</size>
         <input_file_ref idref="fl-16"/>
      </object_component>
      <object_component id="oc-39f">
         <name>.debug_info</name>
         <load_address>0x23849</load_address>
         <run_address>0x23849</run_address>
         <size>0x6f5</size>
         <input_file_ref idref="fl-18"/>
      </object_component>
      <object_component id="oc-399">
         <name>.debug_info</name>
         <load_address>0x23f3e</load_address>
         <run_address>0x23f3e</run_address>
         <size>0x1c7</size>
         <input_file_ref idref="fl-18"/>
      </object_component>
      <object_component id="oc-2b7">
         <name>.debug_info</name>
         <load_address>0x24105</load_address>
         <run_address>0x24105</run_address>
         <size>0x22b</size>
         <input_file_ref idref="fl-18"/>
      </object_component>
      <object_component id="oc-2bd">
         <name>.debug_info</name>
         <load_address>0x24330</load_address>
         <run_address>0x24330</run_address>
         <size>0x235</size>
         <input_file_ref idref="fl-18"/>
      </object_component>
      <object_component id="oc-2ab">
         <name>.debug_info</name>
         <load_address>0x24565</load_address>
         <run_address>0x24565</run_address>
         <size>0x238</size>
         <input_file_ref idref="fl-18"/>
      </object_component>
      <object_component id="oc-3a7">
         <name>.debug_info</name>
         <load_address>0x2479d</load_address>
         <run_address>0x2479d</run_address>
         <size>0x1e9</size>
         <input_file_ref idref="fl-18"/>
      </object_component>
      <object_component id="oc-2a5">
         <name>.debug_info</name>
         <load_address>0x24986</load_address>
         <run_address>0x24986</run_address>
         <size>0x1ed</size>
         <input_file_ref idref="fl-18"/>
      </object_component>
      <object_component id="oc-3a1">
         <name>.debug_info</name>
         <load_address>0x24b73</load_address>
         <run_address>0x24b73</run_address>
         <size>0x1e9</size>
         <input_file_ref idref="fl-18"/>
      </object_component>
      <object_component id="oc-429">
         <name>.debug_info</name>
         <load_address>0x24d5c</load_address>
         <run_address>0x24d5c</run_address>
         <size>0x131</size>
         <input_file_ref idref="fl-18"/>
      </object_component>
      <object_component id="oc-1c1">
         <name>.debug_info</name>
         <load_address>0x24e8d</load_address>
         <run_address>0x24e8d</run_address>
         <size>0x26f</size>
         <input_file_ref idref="fl-1b"/>
      </object_component>
      <object_component id="oc-d8">
         <name>.debug_info</name>
         <load_address>0x250fc</load_address>
         <run_address>0x250fc</run_address>
         <size>0x1da</size>
         <input_file_ref idref="fl-1b"/>
      </object_component>
      <object_component id="oc-1c7">
         <name>.debug_info</name>
         <load_address>0x252d6</load_address>
         <run_address>0x252d6</run_address>
         <size>0x209</size>
         <input_file_ref idref="fl-1b"/>
      </object_component>
      <object_component id="oc-c0">
         <name>.debug_info</name>
         <load_address>0x254df</load_address>
         <run_address>0x254df</run_address>
         <size>0x1d8</size>
         <input_file_ref idref="fl-1b"/>
      </object_component>
      <object_component id="oc-322">
         <name>.debug_info</name>
         <load_address>0x256b7</load_address>
         <run_address>0x256b7</run_address>
         <size>0x725</size>
         <input_file_ref idref="fl-1c"/>
      </object_component>
      <object_component id="oc-31d">
         <name>.debug_info</name>
         <load_address>0x25ddc</load_address>
         <run_address>0x25ddc</run_address>
         <size>0x25e</size>
         <input_file_ref idref="fl-1c"/>
      </object_component>
      <object_component id="oc-cd">
         <name>.debug_info</name>
         <load_address>0x2603a</load_address>
         <run_address>0x2603a</run_address>
         <size>0x215</size>
         <input_file_ref idref="fl-1c"/>
      </object_component>
      <object_component id="oc-c7">
         <name>.debug_info</name>
         <load_address>0x2624f</load_address>
         <run_address>0x2624f</run_address>
         <size>0x1dd</size>
         <input_file_ref idref="fl-1c"/>
      </object_component>
      <object_component id="oc-1b0">
         <name>.debug_info</name>
         <load_address>0x2642c</load_address>
         <run_address>0x2642c</run_address>
         <size>0x248</size>
         <input_file_ref idref="fl-1c"/>
      </object_component>
      <object_component id="oc-bb">
         <name>.debug_info</name>
         <load_address>0x26674</load_address>
         <run_address>0x26674</run_address>
         <size>0x1db</size>
         <input_file_ref idref="fl-1c"/>
      </object_component>
      <object_component id="oc-1da">
         <name>.debug_info</name>
         <load_address>0x2684f</load_address>
         <run_address>0x2684f</run_address>
         <size>0x27c</size>
         <input_file_ref idref="fl-1c"/>
      </object_component>
      <object_component id="oc-1b6">
         <name>.debug_info</name>
         <load_address>0x26acb</load_address>
         <run_address>0x26acb</run_address>
         <size>0x27e</size>
         <input_file_ref idref="fl-1c"/>
      </object_component>
      <object_component id="oc-3ee">
         <name>.debug_info</name>
         <load_address>0x26d49</load_address>
         <run_address>0x26d49</run_address>
         <size>0x341</size>
         <input_file_ref idref="fl-1c"/>
      </object_component>
      <object_component id="oc-222">
         <name>.debug_info</name>
         <load_address>0x2708a</load_address>
         <run_address>0x2708a</run_address>
         <size>0x1c9</size>
         <input_file_ref idref="fl-1d"/>
      </object_component>
      <object_component id="oc-283">
         <name>.debug_info</name>
         <load_address>0x27253</load_address>
         <run_address>0x27253</run_address>
         <size>0x19a</size>
         <input_file_ref idref="fl-1e"/>
      </object_component>
      <object_component id="oc-293">
         <name>.debug_info</name>
         <load_address>0x273ed</load_address>
         <run_address>0x273ed</run_address>
         <size>0x194</size>
         <input_file_ref idref="fl-1e"/>
      </object_component>
      <object_component id="oc-35a">
         <name>.debug_info</name>
         <load_address>0x27581</load_address>
         <run_address>0x27581</run_address>
         <size>0x14c</size>
         <input_file_ref idref="fl-d4"/>
      </object_component>
      <object_component id="oc-353">
         <name>.debug_info</name>
         <load_address>0x276cd</load_address>
         <run_address>0x276cd</run_address>
         <size>0x13a</size>
         <input_file_ref idref="fl-d5"/>
      </object_component>
      <object_component id="oc-35f">
         <name>.debug_info</name>
         <load_address>0x27807</load_address>
         <run_address>0x27807</run_address>
         <size>0x13e</size>
         <input_file_ref idref="fl-d6"/>
      </object_component>
      <object_component id="oc-34f">
         <name>.debug_info</name>
         <load_address>0x27945</load_address>
         <run_address>0x27945</run_address>
         <size>0x12c</size>
         <input_file_ref idref="fl-d7"/>
      </object_component>
      <object_component id="oc-94">
         <name>.debug_info</name>
         <load_address>0x27a71</load_address>
         <run_address>0x27a71</run_address>
         <size>0x147</size>
         <input_file_ref idref="fl-d8"/>
      </object_component>
      <object_component id="oc-92">
         <name>.debug_info</name>
         <load_address>0x27bb8</load_address>
         <run_address>0x27bb8</run_address>
         <size>0x2d4</size>
         <input_file_ref idref="fl-d9"/>
      </object_component>
      <object_component id="oc-4c">
         <name>.debug_info</name>
         <load_address>0x27e8c</load_address>
         <run_address>0x27e8c</run_address>
         <size>0x1b5</size>
         <input_file_ref idref="fl-d9"/>
      </object_component>
      <object_component id="oc-8d">
         <name>.debug_info</name>
         <load_address>0x28041</load_address>
         <run_address>0x28041</run_address>
         <size>0x46</size>
         <input_file_ref idref="fl-d9"/>
      </object_component>
      <object_component id="oc-42">
         <name>.debug_info</name>
         <load_address>0x28087</load_address>
         <run_address>0x28087</run_address>
         <size>0x2a8</size>
         <input_file_ref idref="fl-da"/>
      </object_component>
      <object_component id="oc-1e">
         <name>.debug_info</name>
         <load_address>0x2832f</load_address>
         <run_address>0x2832f</run_address>
         <size>0x1ea</size>
         <input_file_ref idref="fl-da"/>
      </object_component>
      <object_component id="oc-3d">
         <name>.debug_info</name>
         <load_address>0x28519</load_address>
         <run_address>0x28519</run_address>
         <size>0x46</size>
         <input_file_ref idref="fl-da"/>
      </object_component>
      <object_component id="oc-85">
         <name>.debug_info</name>
         <load_address>0x2855f</load_address>
         <run_address>0x2855f</run_address>
         <size>0x2c</size>
         <input_file_ref idref="fl-da"/>
      </object_component>
      <object_component id="oc-83">
         <name>.debug_info</name>
         <load_address>0x2858b</load_address>
         <run_address>0x2858b</run_address>
         <size>0x29e</size>
         <input_file_ref idref="fl-db"/>
      </object_component>
      <object_component id="oc-19">
         <name>.debug_info</name>
         <load_address>0x28829</load_address>
         <run_address>0x28829</run_address>
         <size>0x250</size>
         <input_file_ref idref="fl-db"/>
      </object_component>
      <object_component id="oc-2d">
         <name>.debug_info</name>
         <load_address>0x28a79</load_address>
         <run_address>0x28a79</run_address>
         <size>0x60</size>
         <input_file_ref idref="fl-db"/>
      </object_component>
      <object_component id="oc-211">
         <name>.debug_info</name>
         <load_address>0x28ad9</load_address>
         <run_address>0x28ad9</run_address>
         <size>0x46</size>
         <input_file_ref idref="fl-db"/>
      </object_component>
      <object_component id="oc-7e">
         <name>.debug_info</name>
         <load_address>0x28b1f</load_address>
         <run_address>0x28b1f</run_address>
         <size>0x39</size>
         <input_file_ref idref="fl-db"/>
      </object_component>
      <object_component id="oc-325">
         <name>.debug_info</name>
         <load_address>0x28b58</load_address>
         <run_address>0x28b58</run_address>
         <size>0x2ba</size>
         <input_file_ref idref="fl-dc"/>
      </object_component>
      <object_component id="oc-1bc">
         <name>.debug_info</name>
         <load_address>0x28e12</load_address>
         <run_address>0x28e12</run_address>
         <size>0x26f</size>
         <input_file_ref idref="fl-dc"/>
      </object_component>
      <object_component id="oc-326">
         <name>.debug_info</name>
         <load_address>0x29081</load_address>
         <run_address>0x29081</run_address>
         <size>0x2c</size>
         <input_file_ref idref="fl-dc"/>
      </object_component>
      <object_component id="oc-2a">
         <name>.debug_info</name>
         <load_address>0x290ad</load_address>
         <run_address>0x290ad</run_address>
         <size>0x10b</size>
         <input_file_ref idref="fl-dd"/>
      </object_component>
      <object_component id="oc-58">
         <name>.debug_info</name>
         <load_address>0x291b8</load_address>
         <run_address>0x291b8</run_address>
         <size>0x1a9</size>
[...]
         <value>0x23e1</value>
         <object_component_ref idref="oc-1ee"/>
      </symbol>
      <symbol id="sm-35a">
         <name>ADC14_initModule</name>
         <value>0x2111</value>
         <object_component_ref idref="oc-14a"/>
      </symbol>
      <symbol id="sm-35b">
         <name>ADC14_setSampleHoldTrigger</name>
         <value>0x2251</value>
         <object_component_ref idref="oc-150"/>
      </symbol>
      <symbol id="sm-35c">
         <name>ADC14_clearInterruptFlag</name>
         <value>0x2525</value>
         <object_component_ref idref="oc-1f4"/>
      </symbol>
      <symbol id="sm-35d">
         <name>ADC14_configureConversionMemory</name>
         <value>0x1835</value>
         <object_component_ref idref="oc-162"/>
      </symbol>
      <symbol id="sm-35e">
         <name>ADC14_enableModule</name>
         <value>0x2911</value>
         <object_component_ref idref="oc-144"/>
      </symbol>
      <symbol id="sm-35f">
         <name>ADC14_getResult</name>
         <value>0x268d</value>
         <object_component_ref idref="oc-10d"/>
      </symbol>
      <symbol id="sm-38e">
         <name>CS_setDCOCenteredFrequency</name>
         <value>0x24bd</value>
         <object_component_ref idref="oc-131"/>
      </symbol>
      <symbol id="sm-38f">
         <name>CS_initClockSignal</name>
         <value>0x1171</value>
         <object_component_ref idref="oc-137"/>
      </symbol>
      <symbol id="sm-458">
         <name>DMA_assignInterrupt</name>
         <value>0x1f49</value>
         <object_component_ref idref="oc-198"/>
      </symbol>
      <symbol id="sm-459">
         <name>DMA_getChannelAttribute</name>
         <value>0x1b45</value>
         <object_component_ref idref="oc-1df"/>
      </symbol>
      <symbol id="sm-45a">
         <name>DMA_enableModule</name>
         <value>0x2935</value>
         <object_component_ref idref="oc-17a"/>
      </symbol>
      <symbol id="sm-45b">
         <name>DMA_enableInterrupt</name>
         <value>0x21b9</value>
         <object_component_ref idref="oc-2ec"/>
      </symbol>
      <symbol id="sm-45c">
         <name>DMA_setChannelTransfer</name>
         <value>0x15cd</value>
         <object_component_ref idref="oc-192"/>
      </symbol>
      <symbol id="sm-45d">
         <name>DMA_setChannelControl</name>
         <value>0x23a5</value>
         <object_component_ref idref="oc-18c"/>
      </symbol>
      <symbol id="sm-45e">
         <name>DMA_setControlBase</name>
         <value>0x2855</value>
         <object_component_ref idref="oc-180"/>
      </symbol>
      <symbol id="sm-45f">
         <name>DMA_enableChannel</name>
         <value>0x2791</value>
         <object_component_ref idref="oc-ef"/>
      </symbol>
      <symbol id="sm-460">
         <name>DMA_disableChannelAttribute</name>
         <value>0x1ee5</value>
         <object_component_ref idref="oc-186"/>
      </symbol>
      <symbol id="sm-461">
         <name>DMA_assignChannel</name>
         <value>0x9a9</value>
         <object_component_ref idref="oc-19e"/>
      </symbol>
      <symbol id="sm-462">
         <name>DMA_clearErrorStatus</name>
         <value>0x2929</value>
         <object_component_ref idref="oc-1e5"/>
      </symbol>
      <symbol id="sm-471">
         <name>FlashCtl_setWaitState</name>
         <value>0x2299</value>
         <object_component_ref idref="oc-12b"/>
      </symbol>
      <symbol id="sm-4d9">
         <name>GPIO_setAsInputPin</name>
         <value>0x2205</value>
         <object_component_ref idref="oc-1cc"/>
      </symbol>
      <symbol id="sm-4da">
         <name>GPIO_setOutputHighOnPin</name>
         <value>0x26b5</value>
         <object_component_ref idref="oc-dd"/>
      </symbol>
      <symbol id="sm-4db">
         <name>GPIO_setAsInputPinWithPullUpResistor</name>
         <value>0x20b9</value>
         <object_component_ref idref="oc-11f"/>
      </symbol>
      <symbol id="sm-4dc">
         <name>GPIO_setAsOutputPin</name>
         <value>0x2325</value>
         <object_component_ref idref="oc-119"/>
      </symbol>
      <symbol id="sm-4dd">
         <name>GPIO_setOutputLowOnPin</name>
         <value>0x26dd</value>
         <object_component_ref idref="oc-e3"/>
      </symbol>
      <symbol id="sm-4de">
         <name>GPIO_setAsPeripheralModuleFunctionOutputPin</name>
         <value>0x1abd</value>
         <object_component_ref idref="oc-2b0"/>
      </symbol>
      <symbol id="sm-4df">
         <name>GPIO_getInputPinValue</name>
         <value>0x2585</value>
         <object_component_ref idref="oc-d1"/>
      </symbol>
      <symbol id="sm-4e0">
         <name>GPIO_setAsPeripheralModuleFunctionInputPin</name>
         <value>0x1a35</value>
         <object_component_ref idref="oc-13d"/>
      </symbol>
      <symbol id="sm-506">
         <name>Interrupt_enableMaster</name>
         <value>0x28c5</value>
         <object_component_ref idref="oc-e9"/>
      </symbol>
      <symbol id="sm-507">
         <name>Interrupt_enableInterrupt</name>
         <value>0x1bc5</value>
         <object_component_ref idref="oc-174"/>
      </symbol>
      <symbol id="sm-592">
         <name>PCM_setCoreVoltageLevel</name>
         <value>0x28d5</value>
         <object_component_ref idref="oc-125"/>
      </symbol>
      <symbol id="sm-593">
         <name>PCM_getCoreVoltageLevel</name>
         <value>0x1fa9</value>
         <object_component_ref idref="oc-3bc"/>
      </symbol>
      <symbol id="sm-594">
         <name>PCM_getPowerMode</name>
         <value>0x2007</value>
         <object_component_ref idref="oc-3b6"/>
      </symbol>
      <symbol id="sm-595">
         <name>PCM_getPowerState</name>
         <value>0x2869</value>
         <object_component_ref idref="oc-3c2"/>
      </symbol>
      <symbol id="sm-596">
         <name>PCM_gotoLPM0</name>
         <value>0x2705</value>
         <object_component_ref idref="oc-fb"/>
      </symbol>
      <symbol id="sm-597">
         <name>PCM_setPowerMode</name>
         <value>0x28e5</value>
         <object_component_ref idref="oc-3c8"/>
      </symbol>
      <symbol id="sm-5ea">
         <name>EUSCI_B_SPI_isBusy</name>
         <value>0x27ad</value>
         <object_component_ref idref="oc-2a4"/>
      </symbol>
      <symbol id="sm-5eb">
         <name>EUSCI_B_SPI_enable</name>
         <value>0x2813</value>
         <object_component_ref idref="oc-3a6"/>
      </symbol>
      <symbol id="sm-5ec">
         <name>SPI_enableModule</name>
         <value>0x27c9</value>
         <object_component_ref idref="oc-2bc"/>
      </symbol>
      <symbol id="sm-5ed">
         <name>EUSCI_B_SPI_transmitData</name>
         <value>0x2829</value>
         <object_component_ref idref="oc-2aa"/>
      </symbol>
      <symbol id="sm-5ee">
         <name>EUSCI_A_SPI_enable</name>
         <value>0x27fd</value>
         <object_component_ref idref="oc-3a0"/>
      </symbol>
      <symbol id="sm-5ef">
         <name>SPI_initMaster</name>
         <value>0x18e9</value>
         <object_component_ref idref="oc-2b6"/>
      </symbol>
      <symbol id="sm-61e">
         <name>Timer32_startTimer</name>
         <value>0x2419</value>
         <object_component_ref idref="oc-1c6"/>
      </symbol>
      <symbol id="sm-61f">
         <name>Timer32_getValue</name>
         <value>0x28f5</value>
         <object_component_ref idref="oc-d7"/>
      </symbol>
      <symbol id="sm-620">
         <name>Timer32_haltTimer</name>
         <value>0x287d</value>
         <object_component_ref idref="oc-bf"/>
      </symbol>
      <symbol id="sm-621">
         <name>Timer32_initModule</name>
         <value>0x1e15</value>
         <object_component_ref idref="oc-1c0"/>
      </symbol>
      <symbol id="sm-67a">
         <name>Timer_A_enableCaptureCompareInterrupt</name>
         <value>0x2639</value>
         <object_component_ref idref="oc-1b4"/>
      </symbol>
      <symbol id="sm-67b">
         <name>Timer_A_clearCaptureCompareInterrupt</name>
         <value>0x260d</value>
         <object_component_ref idref="oc-1d8"/>
      </symbol>
      <symbol id="sm-67c">
         <name>Timer_A_generatePWM</name>
         <value>0x1cc1</value>
         <object_component_ref idref="oc-1ae"/>
      </symbol>
      <symbol id="sm-67d">
         <name>Timer_A_startCounter</name>
         <value>0x283f</value>
         <object_component_ref idref="oc-cb"/>
      </symbol>
      <symbol id="sm-67e">
         <name>Timer_A_stopTimer</name>
         <value>0x2891</value>
         <object_component_ref idref="oc-b9"/>
      </symbol>
      <symbol id="sm-67f">
         <name>Timer_A_clearTimer</name>
         <value>0x27e5</value>
         <object_component_ref idref="oc-c5"/>
      </symbol>
      <symbol id="sm-68b">
         <name>WDT_A_holdTimer</name>
         <value>0x272d</value>
         <object_component_ref idref="oc-221"/>
      </symbol>
      <symbol id="sm-69d">
         <name>CPU_wfi</name>
         <value>0x1d35</value>
         <object_component_ref idref="oc-291"/>
      </symbol>
      <symbol id="sm-69e">
         <name>CPU_cpsie</name>
         <value>0x291d</value>
         <object_component_ref idref="oc-282"/>
      </symbol>
      <symbol id="sm-6b5">
         <name>__aeabi_dsub</name>
         <value>0xbb9</value>
         <object_component_ref idref="oc-357"/>
      </symbol>
      <symbol id="sm-6b6">
         <name>__aeabi_dadd</name>
         <value>0xbc3</value>
         <object_component_ref idref="oc-357"/>
      </symbol>
      <symbol id="sm-6c1">
         <name>__aeabi_dmul</name>
         <value>0x14d1</value>
         <object_component_ref idref="oc-352"/>
      </symbol>
      <symbol id="sm-6cd">
         <name>__aeabi_d2f</name>
         <value>0x1da7</value>
         <object_component_ref idref="oc-35c"/>
      </symbol>
      <symbol id="sm-6d8">
         <name>__aeabi_f2d</name>
         <value>0x2451</value>
         <object_component_ref idref="oc-34d"/>
      </symbol>
      <symbol id="sm-6e7">
         <name>__aeabi_memset</name>
         <value>0x1c47</value>
         <object_component_ref idref="oc-93"/>
      </symbol>
      <symbol id="sm-6e8">
         <name>memset</name>
         <value>0x1c4d</value>
         <object_component_ref idref="oc-93"/>
      </symbol>
      <symbol id="sm-6e9">
         <name>__aeabi_memset8</name>
         <value>0x1c47</value>
         <object_component_ref idref="oc-93"/>
      </symbol>
      <symbol id="sm-6ea">
         <name>__aeabi_memset4</name>
         <value>0x1c47</value>
         <object_component_ref idref="oc-93"/>
      </symbol>
      <symbol id="sm-6eb">
         <name>__aeabi_memclr8</name>
         <value>0x1c45</value>
         <object_component_ref idref="oc-93"/>
      </symbol>
      <symbol id="sm-6ec">
         <name>__aeabi_memclr4</name>
         <value>0x1c45</value>
         <object_component_ref idref="oc-93"/>
      </symbol>
      <symbol id="sm-6ed">
         <name>__aeabi_memclr</name>
         <value>0x1c45</value>
         <object_component_ref idref="oc-93"/>
      </symbol>
      <symbol id="sm-6ff">
         <name>__TI_zero_init</name>
         <value>0x294d</value>
         <object_component_ref idref="oc-49"/>
      </symbol>
      <symbol id="sm-716">
         <name>__TI_decompress_none</name>
         <value>0x2903</value>
         <object_component_ref idref="oc-1d"/>
      </symbol>
      <symbol id="sm-739">
         <name>__TI_decompress_lzss</name>
         <value>0x1e7d</value>
         <object_component_ref idref="oc-17"/>
      </symbol>
      <symbol id="sm-75a">
         <name>qsort</name>
         <value>0x1779</value>
         <object_component_ref idref="oc-1ba"/>
      </symbol>
      <symbol id="sm-76d">
         <name>__stack</name>
         <value>0x2000fe00</value>
         <object_component_ref idref="oc-29"/>
      </symbol>
      <symbol id="sm-76e">
         <name>_c_int00_noargs</name>
         <value>0x24f1</value>
         <object_component_ref idref="oc-55"/>
      </symbol>
      <symbol id="sm-789">
         <name>memcpy</name>
         <value>0x1999</value>
         <object_component_ref idref="oc-37"/>
      </symbol>
      <symbol id="sm-78a">
         <name>__aeabi_memcpy</name>
         <value>0x1999</value>
         <object_component_ref idref="oc-37"/>
      </symbol>
      <symbol id="sm-78b">
         <name>__aeabi_memcpy8</name>
         <value>0x1999</value>
         <object_component_ref idref="oc-37"/>
      </symbol>
      <symbol id="sm-78c">
         <name>__aeabi_memcpy4</name>
         <value>0x1999</value>
         <object_component_ref idref="oc-37"/>
      </symbol>
      <symbol id="sm-7b4">
         <name>__TI_auto_init_nobinit_nopinit</name>
         <value>0x22e1</value>
         <object_component_ref idref="oc-23a"/>
      </symbol>
      <symbol id="sm-7be">
         <name>_system_pre_init</name>
         <value>0x2165</value>
         <object_component_ref idref="oc-99"/>
      </symbol>
      <symbol id="sm-7ca">
         <name>C$$EXIT</name>
         <value>0x2959</value>
         <object_component_ref idref="oc-22e"/>
      </symbol>
      <symbol id="sm-7cb">
         <name>abort</name>
         <value>0x2959</value>
         <object_component_ref idref="oc-22e"/>
      </symbol>
      <symbol id="sm-7ce">
         <name>__TI_static_base__</name>
         <value>0x0</value>
      </symbol>
      <symbol id="sm-7d1">
         <name>__mpu_init</name>
         <value>0x0</value>
      </symbol>
      <symbol id="sm-7d2">
         <name>_system_post_cinit</name>
         <value>0x0</value>
      </symbol>
      <symbol id="sm-7d3">
         <name>NMI_Handler</name>
         <value>0x2961</value>
      </symbol>
      <symbol id="sm-7d4">
         <name>HardFault_Handler</name>
         <value>0x2961</value>
      </symbol>
      <symbol id="sm-7d5">
         <name>MemManage_Handler</name>
         <value>0x2961</value>
      </symbol>
      <symbol id="sm-7d6">
         <name>BusFault_Handler</name>
         <value>0x2961</value>
      </symbol>
      <symbol id="sm-7d7">
         <name>UsageFault_Handler</name>
         <value>0x2961</value>
      </symbol>
      <symbol id="sm-7d8">
         <name>SVC_Handler</name>
         <value>0x2961</value>
      </symbol>
      <symbol id="sm-7d9">
         <name>DebugMon_Handler</name>
         <value>0x2961</value>
      </symbol>
      <symbol id="sm-7da">
         <name>PendSV_Handler</name>
         <value>0x2961</value>
      </symbol>
      <symbol id="sm-7db">
         <name>SysTick_Handler</name>
         <value>0x2961</value>
      </symbol>
      <symbol id="sm-7dc">
         <name>PSS_IRQHandler</name>
         <value>0x2961</value>
      </symbol>
      <symbol id="sm-7dd">
         <name>CS_IRQHandler</name>
         <value>0x2961</value>
      </symbol>
      <symbol id="sm-7de">
         <name>PCM_IRQHandler</name>
         <value>0x2961</value>
      </symbol>
      <symbol id="sm-7df">
         <name>WDT_A_IRQHandler</name>
         <value>0x2961</value>
      </symbol>
      <symbol id="sm-7e0">
         <name>FPU_IRQHandler</name>
         <value>0x2961</value>
      </symbol>
      <symbol id="sm-7e1">
         <name>FLCTL_IRQHandler</name>
         <value>0x2961</value>
      </symbol>
      <symbol id="sm-7e2">
         <name>COMP_E0_IRQHandler</name>
         <value>0x2961</value>
      </symbol>
      <symbol id="sm-7e3">
         <name>COMP_E1_IRQHandler</name>
         <value>0x2961</value>
      </symbol>
      <symbol id="sm-7e4">
         <name>TA0_0_IRQHandler</name>
         <value>0x2961</value>
      </symbol>
      <symbol id="sm-7e5">
         <name>TA0_N_IRQHandler</name>
         <value>0x83d</value>
      </symbol>
      <symbol id="sm-7e6">
         <name>TA1_0_IRQHandler</name>
         <value>0x2961</value>
      </symbol>
      <symbol id="sm-7e7">
         <name>TA1_N_IRQHandler</name>
         <value>0x2961</value>
      </symbol>
      <symbol id="sm-7e8">
         <name>TA2_0_IRQHandler</name>
         <value>0x2961</value>
      </symbol>
      <symbol id="sm-7e9">
         <name>TA2_N_IRQHandler</name>
         <value>0x2961</value>
      </symbol>
      <symbol id="sm-7ea">
         <name>TA3_0_IRQHandler</name>
         <value>0x2961</value>
      </symbol>
      <symbol id="sm-7eb">
         <name>TA3_N_IRQHandler</name>
         <value>0x2961</value>
      </symbol>
      <symbol id="sm-7ec">
         <name>EUSCIA0_IRQHandler</name>
         <value>0x2961</value>
      </symbol>
      <symbol id="sm-7ed">
         <name>EUSCIA1_IRQHandler</name>
         <value>0x2961</value>
      </symbol>
      <symbol id="sm-7ee">
         <name>EUSCIA2_IRQHandler</name>
         <value>0x2961</value>
      </symbol>
      <symbol id="sm-7ef">
         <name>EUSCIA3_IRQHandler</name>
         <value>0x2961</value>
      </symbol>
      <symbol id="sm-7f0">
         <name>EUSCIB0_IRQHandler</name>
         <value>0x2961</value>
      </symbol>
      <symbol id="sm-7f1">
         <name>EUSCIB1_IRQHandler</name>
         <value>0x2961</value>
      </symbol>
      <symbol id="sm-7f2">
         <name>EUSCIB2_IRQHandler</name>
         <value>0x2961</value>
      </symbol>
      <symbol id="sm-7f3">
         <name>EUSCIB3_IRQHandler</name>
         <value>0x2961</value>
      </symbol>
      <symbol id="sm-7f4">
         <name>ADC14_IRQHandler</name>
         <value>0x919</value>
      </symbol>
      <symbol id="sm-7f5">
         <name>T32_INT1_IRQHandler</name>
         <value>0x2961</value>
      </symbol>
      <symbol id="sm-7f6">
         <name>T32_INT2_IRQHandler</name>
         <value>0x2961</value>
      </symbol>
      <symbol id="sm-7f7">
         <name>T32_INTC_IRQHandler</name>
         <value>0x2961</value>
      </symbol>
      <symbol id="sm-7f8">
         <name>AES256_IRQHandler</name>
         <value>0x2961</value>
      </symbol>
      <symbol id="sm-7f9">
         <name>RTC_C_IRQHandler</name>
         <value>0x2961</value>
      </symbol>
      <symbol id="sm-7fa">
         <name>DMA_ERR_IRQHandler</name>
         <value>0x8f5</value>
      </symbol>
      <symbol id="sm-7fb">
         <name>DMA_INT3_IRQHandler</name>
         <value>0x2961</value>
      </symbol>
      <symbol id="sm-7fc">
         <name>DMA_INT2_IRQHandler</name>
         <value>0x2961</value>
      </symbol>
      <symbol id="sm-7fd">
         <name>DMA_INT1_IRQHandler</name>
         <value>0x8ad</value>
      </symbol>
      <symbol id="sm-7fe">
         <name>DMA_INT0_IRQHandler</name>
         <value>0x2961</value>
      </symbol>
      <symbol id="sm-7ff">
         <name>PORT1_IRQHandler</name>
         <value>0x2961</value>
      </symbol>
      <symbol id="sm-800">
         <name>PORT2_IRQHandler</name>
         <value>0x2961</value>
      </symbol>
      <symbol id="sm-801">
         <name>PORT3_IRQHandler</name>
         <value>0x2961</value>
      </symbol>
      <symbol id="sm-802">
         <name>PORT4_IRQHandler</name>
         <value>0x2961</value>
      </symbol>
      <symbol id="sm-803">
         <name>PORT5_IRQHandler</name>
         <value>0x2961</value>
      </symbol>
      <symbol id="sm-804">
         <name>PORT6_IRQHandler</name>
         <value>0x2961</value>
      </symbol>
   </symbol_table>
   <title>Link successful</title>
</link_info>
