******************************************************************************
                  TI ARM Linker PC v20.2.0                     
******************************************************************************
>> Linked Sat Apr 17 13:50:07 2021

OUTPUT FILE NAME:   <msp432_lpf.out>
ENTRY POINT SYMBOL: "_c_int00_noargs"  address: 000024f1


MEMORY CONFIGURATION

         name            origin    length      used     unused   attr    fill
----------------------  --------  ---------  --------  --------  ----  --------
  MAIN                  00000000   00040000  00002a96  0003d56a  R  X
  INFO                  00200000   00004000  00000000  00004000  R  X
  SRAM_CODE             01000000   00010000  0000083d  0000f7c3  RW X
  SRAM_DATA             20000000   00010000  0000083d  0000f7c3  RW  


SEGMENT ALLOCATION MAP

run origin  load origin   length   init length attrs members
----------  ----------- ---------- ----------- ----- -------
00000000    00000000    00002aa0   00002aa0    r-x
  00000000    00000000    000000e4   000000e4    r-- .intvecs
  000000e8    000000e8    0000287a   0000287a    r-x .text
  00002964    00002964    00000100   00000100    r-- .const
  00002a68    00002a68    00000038   00000038    r-- .cinit
20000000    20000000    00000640   00000000    rw-
  20000000    20000000    00000621   00000000    rw- .bss
  20000624    20000624    0000001c   00000000    rw- .data
2000fe00    2000fe00    00000200   00000000    rw-
  2000fe00    2000fe00    00000200   00000000    rw- .stack


SECTION ALLOCATION MAP

 output                                  attributes/
section   page    origin      length       input sections
--------  ----  ----------  ----------   ----------------
.intvecs   0    00000000    000000e4     
                  00000000    000000e4     startup_msp432p401r_ccs.obj (.intvecs:retain)

.text      0    000000e8    0000287a     
                  000000e8    000008c0     msp432_boostxl_lib.lib : msp432_boostxl_init.obj (.text)
                  000009a8    00000210     msp432p4xx_driverlib.lib : dma.o (.text:DMA_assignChannel)
                  00000bb8    000001b6     rtsv7M4_T_le_v4SPD16_eabi.lib : fd_add_t2.asm.obj (.text)
                  00000d6e    00000002     --HOLE-- [fill = 0]
                  00000d70    00000160     msp432p4xx_driverlib.lib : adc14.o (.text:_getIndexForMemRegister)
                  00000ed0    0000015c                              : pcm.o (.text:__PCM_setPowerModeAdvanced)
                  0000102c    00000144                              : timer_a.o (.text:privateTimer_AProcessClockSourceDivider)
                  00001170    00000130                              : cs.o (.text:CS_initClockSignal)
                  000012a0    00000128     msp432_boostxl_lib.lib : msp432_arm_dsp.obj (.text)
                  000013c8    00000108     msp432p4xx_driverlib.lib : pcm.o (.text:__PCM_setCoreVoltageLevelAdvanced)
                  000014d0    000000fc     rtsv7M4_T_le_v4SPD16_eabi.lib : fd_mul_t2.asm.obj (.text)
                  000015cc    000000f0     msp432p4xx_driverlib.lib : dma.o (.text:DMA_setChannelTransfer)
                  000016bc    000000bc     msp432_boostxl_lib.lib : dac8311.obj (.text)
                  00001778    000000ba     rtsv7M4_T_le_v4SPD16_eabi.lib : qsort.c.obj (.text:qsort)
                  00001832    00000002     --HOLE-- [fill = 0]
                  00001834    000000b4     msp432p4xx_driverlib.lib : adc14.o (.text:ADC14_configureConversionMemory)
                  000018e8    000000b0                              : spi.o (.text:SPI_initMaster)
                  00001998    0000009c     rtsv7M4_T_le_v4SPD16_eabi.lib : memcpy_t2.asm.obj (.text)
                  00001a34    00000088     msp432p4xx_driverlib.lib : gpio.o (.text:GPIO_setAsPeripheralModuleFunctionInputPin)
                  00001abc    00000088                              : gpio.o (.text:GPIO_setAsPeripheralModuleFunctionOutputPin)
                  00001b44    00000080                              : dma.o (.text:DMA_getChannelAttribute)
                  00001bc4    00000080                              : interrupt.o (.text:Interrupt_enableInterrupt)
                  00001c44    0000007a     rtsv7M4_T_le_v4SPD16_eabi.lib : memset_t2.asm.obj (.text)
                  00001cbe    00000002     --HOLE-- [fill = 0]
                  00001cc0    00000074     msp432p4xx_driverlib.lib : timer_a.o (.text:Timer_A_generatePWM)
                  00001d34    00000004                              : cpu.o (.text:CPU_wfi)
                  00001d38    0000006e     system_msp432p401r.obj (.text:SystemInit)
                  00001da6    0000006e     rtsv7M4_T_le_v4SPD16_eabi.lib : fd_tos_t2.asm.obj (.text)
                  00001e14    00000068     msp432p4xx_driverlib.lib : timer32.o (.text:Timer32_initModule)
                  00001e7c    00000068     rtsv7M4_T_le_v4SPD16_eabi.lib : copy_decompress_lzss.c.obj (.text:decompress:lzss:__TI_decompress_lzss)
                  00001ee4    00000064     msp432p4xx_driverlib.lib : dma.o (.text:DMA_disableChannelAttribute)
                  00001f48    00000060                              : dma.o (.text:DMA_assignInterrupt)
                  00001fa8    0000005e                              : pcm.o (.text:PCM_getCoreVoltageLevel)
                  00002006    0000005a                              : pcm.o (.text:PCM_getPowerMode)
                  00002060    00000058                              : adc14.o (.text:ADC14_configureSingleSampleMode)
                  000020b8    00000058                              : gpio.o (.text:GPIO_setAsInputPinWithPullUpResistor)
                  00002110    00000054                              : adc14.o (.text:ADC14_initModule)
                  00002164    00000004     rtsv7M4_T_le_v4SPD16_eabi.lib : pre_init.c.obj (.text:_system_pre_init)
                  00002168    00000050     main.obj (.text:processSample)
                  000021b8    0000004c     msp432p4xx_driverlib.lib : dma.o (.text:DMA_enableInterrupt)
                  00002204    0000004c                              : gpio.o (.text:GPIO_setAsInputPin)
                  00002250    00000048                              : adc14.o (.text:ADC14_setSampleHoldTrigger)
                  00002298    00000048                              : flash.o (.text:FlashCtl_setWaitState)
                  000022e0    00000044     rtsv7M4_T_le_v4SPD16_eabi.lib : autoinit.c.obj (.text:__TI_auto_init_nobinit_nopinit:__TI_auto_init_nobinit_nopinit)
                  00002324    00000040     msp432p4xx_driverlib.lib : gpio.o (.text:GPIO_setAsOutputPin)
                  00002364    00000040                              : spi.o (.text:is_A_Module)
                  000023a4    0000003c                              : dma.o (.text:DMA_setChannelControl)
                  000023e0    00000038                              : adc14.o (.text:ADC14_getEnabledInterruptStatus)
                  00002418    00000038                              : timer32.o (.text:Timer32_startTimer)
                  00002450    00000038     rtsv7M4_T_le_v4SPD16_eabi.lib : fs_tod_t2.asm.obj (.text)
                  00002488    00000034     msp432p4xx_driverlib.lib : adc14.o (.text:ADC14_enableSampleTimer)
                  000024bc    00000034                              : cs.o (.text:CS_setDCOCenteredFrequency)
                  000024f0    00000034     rtsv7M4_T_le_v4SPD16_eabi.lib : boot_cortex_m.c.obj (.text:_c_int00_noargs:_c_int00_noargs)
                  00002524    00000030     msp432p4xx_driverlib.lib : adc14.o (.text:ADC14_clearInterruptFlag)
                  00002554    00000030                              : adc14.o (.text:ADC14_enableInterrupt)
                  00002584    00000030                              : gpio.o (.text:GPIO_getInputPinValue)
                  000025b4    0000002c                              : adc14.o (.text:ADC14_getInterruptStatus)
                  000025e0    0000002c                              : adc14.o (.text:ADC14_toggleConversionTrigger)
                  0000260c    0000002c                              : timer_a.o (.text:Timer_A_clearCaptureCompareInterrupt)
                  00002638    0000002c                              : timer_a.o (.text:Timer_A_enableCaptureCompareInterrupt)
                  00002664    00000028                              : adc14.o (.text:ADC14_enableConversion)
                  0000268c    00000028                              : adc14.o (.text:ADC14_getResult)
                  000026b4    00000028                              : gpio.o (.text:GPIO_setOutputHighOnPin)
                  000026dc    00000028                              : gpio.o (.text:GPIO_setOutputLowOnPin)
                  00002704    00000028                              : pcm.o (.text:PCM_gotoLPM0)
                  0000272c    00000024                              : wdt_a.o (.text:WDT_A_holdTimer)
                  00002750    00000020                              : adc14.o (.text:ADC14_setResolution)
                  00002770    0000001e     main.obj (.text:main)
                  0000278e    00000002     --HOLE-- [fill = 0]
                  00002790    0000001c     msp432p4xx_driverlib.lib : dma.o (.text:DMA_enableChannel)
                  000027ac    0000001c                              : spi.o (.text:EUSCI_B_SPI_isBusy)
                  000027c8    0000001c                              : spi.o (.text:SPI_enableModule)
                  000027e4    00000018                              : timer_a.o (.text:Timer_A_clearTimer)
                  000027fc    00000016                              : spi.o (.text:EUSCI_A_SPI_enable)
                  00002812    00000016                              : spi.o (.text:EUSCI_B_SPI_enable)
                  00002828    00000016                              : spi.o (.text:EUSCI_B_SPI_transmitData)
                  0000283e    00000016                              : timer_a.o (.text:Timer_A_startCounter)
                  00002854    00000014                              : dma.o (.text:DMA_setControlBase)
                  00002868    00000014                              : pcm.o (.text:PCM_getPowerState)
                  0000287c    00000014                              : timer32.o (.text:Timer32_haltTimer)
                  00002890    00000014                              : timer_a.o (.text:Timer_A_stopTimer)
                  000028a4    00000010                              : adc14.o (.text:ADC14_isBusy)
                  000028b4    00000010                              : adc14.o (.text:ADCIsConversionRunning)
                  000028c4    00000010                              : interrupt.o (.text:Interrupt_enableMaster)
                  000028d4    00000010                              : pcm.o (.text:PCM_setCoreVoltageLevel)
                  000028e4    00000010                              : pcm.o (.text:PCM_setPowerMode)
                  000028f4    0000000e                              : timer32.o (.text:Timer32_getValue)
                  00002902    0000000e     rtsv7M4_T_le_v4SPD16_eabi.lib : copy_decompress_none.c.obj (.text:decompress:none:__TI_decompress_none)
                  00002910    0000000c     msp432p4xx_driverlib.lib : adc14.o (.text:ADC14_enableModule)
                  0000291c    0000000c                              : cpu.o (.text:CPU_cpsie)
                  00002928    0000000c                              : dma.o (.text:DMA_clearErrorStatus)
                  00002934    0000000c                              : dma.o (.text:DMA_enableModule)
                  00002940    0000000c     startup_msp432p401r_ccs.obj (.text:Reset_Handler)
                  0000294c    0000000c     rtsv7M4_T_le_v4SPD16_eabi.lib : copy_zero_init.c.obj (.text:decompress:ZI:__TI_zero_init)
                  00002958    00000004                                   : exit.c.obj (.text:abort:abort)
                  0000295c    00000004     --HOLE-- [fill = 0]
                  00002960    00000002     startup_msp432p401r_ccs.obj (.text:Default_Handler)

.const     0    00002964    00000100     
                  00002964    00000080     msp432p4xx_driverlib.lib : adc14.o (.const:_ctlRegs)
                  000029e4    00000030                              : gpio.o (.const:GPIO_PORT_TO_BASE)
                  00002a14    00000020     msp432_boostxl_lib.lib : msp432_boostxl_init.obj (.const:$P$T0$1)
                  00002a34    0000001c                            : dac8311.obj (.const:$P$T0$1)
                  00002a50    0000000a                            : msp432_boostxl_init.obj (.const:$P$T1$2)
                  00002a5a    00000002     --HOLE-- [fill = 0]
                  00002a5c    00000008     msp432p4xx_driverlib.lib : interrupt.o (.const:g_pulEnRegs)

.cinit     0    00002a68    00000038     
                  00002a68    00000012     (.cinit..data.load) [load image, compression = lzss]
                  00002a7a    00000002     --HOLE-- [fill = 0]
                  00002a7c    0000000c     (__TI_handler_table)
                  00002a88    00000008     (.cinit..bss.load) [load image, compression = zero_init]
                  00002a90    00000010     (__TI_cinit_table)

.init_array 
*          0    00000000    00000000     UNINITIALIZED

.binit     0    00000000    00000000     

.bss       0    20000000    00000621     UNINITIALIZED
                  20000000    00000200     msp432_boostxl_lib.lib : msp432_boostxl_init.obj (.bss:dmaControlTable)
                  20000200    00000100     (.common:glbPingADC)
                  20000300    00000100     (.common:glbPingDAC)
                  20000400    00000100     (.common:glbPongADC)
                  20000500    00000100     (.common:glbPongDAC)
                  20000600    00000018     (.common:glbPWMConfig)
                  20000618    00000004     main.obj (.bss)
                  2000061c    00000004     msp432_boostxl_lib.lib : msp432_boostxl_init.obj (.bss)
                  20000620    00000001     (.common:glbIO)

.data      0    20000624    0000001c     UNINITIALIZED
                  20000624    0000001c     msp432_boostxl_lib.lib : msp432_boostxl_init.obj (.data)

.stack     0    2000fe00    00000200     UNINITIALIZED
                  2000fe00    00000004     rtsv7M4_T_le_v4SPD16_eabi.lib : boot_cortex_m.c.obj (.stack)
                  2000fe04    000001fc     --HOLE--

__llvm_prf_cnts 
*          0    20000000    00000000     UNINITIALIZED

MODULE SUMMARY

       Module                        code    ro data   rw data
       ------                        ----    -------   -------
    .\
       main.obj                      110     0         8      
       system_msp432p401r.obj        110     0         0      
    +--+-----------------------------+-------+---------+---------+
       Total:                        220     0         8      
                                                              
    .\ccs\
       startup_msp432p401r_ccs.obj   14      228       0      
    +--+-----------------------------+-------+---------+---------+
       Total:                        14      228       0      
                                                              
    C:/Users/pschaumont/git_ecedhawebinar/ecedhawebinar/msp432_boostxl_lib/Debug/msp432_boostxl_lib.lib
       msp432_boostxl_init.obj       2240    42        3186   
       msp432_arm_dsp.obj            296     0         0      
       dac8311.obj                   188     28        0      
    +--+-----------------------------+-------+---------+---------+
       Total:                        2724    70        3186   
                                                              
    C:/ti/simplelink_msp432p4_sdk_3_40_01_02/source/ti/devices/msp432p4xx/driverlib/ccs/msp432p4xx_driverlib.lib
       adc14.o                       1224    128       0      
       dma.o                         1300    0         0      
       pcm.o                         888     0         0      
       gpio.o                        628     48        0      
       timer_a.o                     594     0         0      
       spi.o                         362     0         0      
       cs.o                          356     0         0      
       timer32.o                     194     0         0      
       interrupt.o                   144     8         0      
       flash.o                       72      0         0      
       wdt_a.o                       36      0         0      
       cpu.o                         16      0         0      
    +--+-----------------------------+-------+---------+---------+
       Total:                        5814    184       0      
                                                              
    C:\ti\ccs1000\ccs\tools\compiler\ti-cgt-arm_20.2.0.LTS\lib\rtsv7M4_T_le_v4SPD16_eabi.lib
       fd_add_t2.asm.obj             438     0         0      
       fd_mul_t2.asm.obj             252     0         0      
       qsort.c.obj                   186     0         0      
       memcpy_t2.asm.obj             156     0         0      
       memset_t2.asm.obj             122     0         0      
       fd_tos_t2.asm.obj             110     0         0      
       copy_decompress_lzss.c.obj    104     0         0      
       autoinit.c.obj                68      0         0      
       fs_tod_t2.asm.obj             56      0         0      
       boot_cortex_m.c.obj           52      0         0      
       copy_decompress_none.c.obj    14      0         0      
       copy_zero_init.c.obj          12      0         0      
       exit.c.obj                    4       0         0      
       pre_init.c.obj                4       0         0      
    +--+-----------------------------+-------+---------+---------+
       Total:                        1578    0         0      
                                                              
       Stack:                        0       0         1024   
       Linker Generated:             0       54        0      
    +--+-----------------------------+-------+---------+---------+
       Grand Total:                  10350   536       4218   


LINKER GENERATED COPY TABLES

__TI_cinit_table @ 00002a90 records: 2, size/record: 8, table size: 16
	.data: load addr=00002a68, load size=00000012 bytes, run addr=20000624, run size=0000001c bytes, compression=lzss
	.bss: load addr=00002a88, load size=00000008 bytes, run addr=20000000, run size=00000621 bytes, compression=zero_init


LINKER GENERATED HANDLER TABLE

__TI_handler_table @ 00002a7c records: 3, size/record: 4, table size: 12
	index: 0, handler: __TI_decompress_lzss
	index: 1, handler: __TI_decompress_none
	index: 2, handler: __TI_zero_init


GLOBAL SYMBOLS: SORTED ALPHABETICALLY BY Name 

address   name                                       
-------   ----                                       
00000919  ADC14_IRQHandler                           
00000919  ADC14_IRQHandler                           
00002525  ADC14_clearInterruptFlag                   
00001835  ADC14_configureConversionMemory            
00002061  ADC14_configureSingleSampleMode            
00002665  ADC14_enableConversion                     
00002555  ADC14_enableInterrupt                      
00002911  ADC14_enableModule                         
00002489  ADC14_enableSampleTimer                    
000023e1  ADC14_getEnabledInterruptStatus            
000025b5  ADC14_getInterruptStatus                   
0000268d  ADC14_getResult                            
00002111  ADC14_initModule                           
000028a5  ADC14_isBusy                               
00002751  ADC14_setResolution                        
00002251  ADC14_setSampleHoldTrigger                 
000025e1  ADC14_toggleConversionTrigger              
00002961  AES256_IRQHandler                          
00002961  BusFault_Handler                           
00002959  C$$EXIT                                    
00002961  COMP_E0_IRQHandler                         
00002961  COMP_E1_IRQHandler                         
0000291d  CPU_cpsie                                  
00001d35  CPU_wfi                                    
00002961  CS_IRQHandler                              
00001171  CS_initClockSignal                         
000024bd  CS_setDCOCenteredFrequency                 
00001723  DAC8311_init                               
0000170b  DAC8311_setLowPowerMode                    
00001703  DAC8311_updateDacOut                       
000008f5  DMA_ERR_IRQHandler                         
000008f5  DMA_ERR_IRQHandler                         
00002961  DMA_INT0_IRQHandler                        
000008ad  DMA_INT1_IRQHandler                        
000008ad  DMA_INT1_IRQHandler                        
00002961  DMA_INT2_IRQHandler                        
00002961  DMA_INT3_IRQHandler                        
000009a9  DMA_assignChannel                          
00001f49  DMA_assignInterrupt                        
00002929  DMA_clearErrorStatus                       
00001ee5  DMA_disableChannelAttribute                
00002791  DMA_enableChannel                          
000021b9  DMA_enableInterrupt                        
00002935  DMA_enableModule                           
00001b45  DMA_getChannelAttribute                    
000023a5  DMA_setChannelControl                      
000015cd  DMA_setChannelTransfer                     
00002855  DMA_setControlBase                         
00002961  DebugMon_Handler                           
00002961  Default_Handler                            
00002961  EUSCIA0_IRQHandler                         
00002961  EUSCIA1_IRQHandler                         
00002961  EUSCIA2_IRQHandler                         
00002961  EUSCIA3_IRQHandler                         
00002961  EUSCIB0_IRQHandler                         
00002961  EUSCIB1_IRQHandler                         
00002961  EUSCIB2_IRQHandler                         
00002961  EUSCIB3_IRQHandler                         
000027fd  EUSCI_A_SPI_enable                         
00002813  EUSCI_B_SPI_enable                         
000027ad  EUSCI_B_SPI_isBusy                         
00002829  EUSCI_B_SPI_transmitData                   
00002961  FLCTL_IRQHandler                           
00002961  FPU_IRQHandler                             
00002299  FlashCtl_setWaitState                      
00002585  GPIO_getInputPinValue                      
00002205  GPIO_setAsInputPin                         
000020b9  GPIO_setAsInputPinWithPullUpResistor       
00002325  GPIO_setAsOutputPin                        
00001a35  GPIO_setAsPeripheralModuleFunctionInputPin 
00001abd  GPIO_setAsPeripheralModuleFunctionOutputPin
000026b5  GPIO_setOutputHighOnPin                    
000026dd  GPIO_setOutputLowOnPin                     
00002961  HardFault_Handler                          
00001bc5  Interrupt_enableInterrupt                  
000028c5  Interrupt_enableMaster                     
00002961  MemManage_Handler                          
00002961  NMI_Handler                                
00002961  PCM_IRQHandler                             
00001fa9  PCM_getCoreVoltageLevel                    
00002007  PCM_getPowerMode                           
00002869  PCM_getPowerState                          
00002705  PCM_gotoLPM0                               
000028d5  PCM_setCoreVoltageLevel                    
000028e5  PCM_setPowerMode                           
00002961  PORT1_IRQHandler                           
00002961  PORT2_IRQHandler                           
00002961  PORT3_IRQHandler                           
00002961  PORT4_IRQHandler                           
00002961  PORT5_IRQHandler                           
00002961  PORT6_IRQHandler                           
00002961  PSS_IRQHandler                             
00002961  PendSV_Handler                             
00002961  RTC_C_IRQHandler                           
00002941  Reset_Handler                              
000027c9  SPI_enableModule                           
000018e9  SPI_initMaster                             
00002961  SVC_Handler                                
00002961  SysTick_Handler                            
00001d39  SystemInit                                 
00002961  T32_INT1_IRQHandler                        
00002961  T32_INT2_IRQHandler                        
00002961  T32_INTC_IRQHandler                        
00002961  TA0_0_IRQHandler                           
0000083d  TA0_N_IRQHandler                           
0000083d  TA0_N_IRQHandler                           
00002961  TA1_0_IRQHandler                           
00002961  TA1_N_IRQHandler                           
00002961  TA2_0_IRQHandler                           
00002961  TA2_N_IRQHandler                           
00002961  TA3_0_IRQHandler                           
00002961  TA3_N_IRQHandler                           
000028f5  Timer32_getValue                           
0000287d  Timer32_haltTimer                          
00001e15  Timer32_initModule                         
00002419  Timer32_startTimer                         
0000260d  Timer_A_clearCaptureCompareInterrupt       
000027e5  Timer_A_clearTimer                         
00002639  Timer_A_enableCaptureCompareInterrupt      
00001cc1  Timer_A_generatePWM                        
0000283f  Timer_A_startCounter                       
00002891  Timer_A_stopTimer                          
00002961  UsageFault_Handler                         
4000480c  WDTCTL_SYM                                 
00002961  WDT_A_IRQHandler                           
0000272d  WDT_A_holdTimer                            
20010000  __STACK_END                                
00000200  __STACK_SIZE                               
00002a90  __TI_CINIT_Base                            
00002aa0  __TI_CINIT_Limit                           
00002a7c  __TI_Handler_Table_Base                    
00002a88  __TI_Handler_Table_Limit                   
000022e1  __TI_auto_init_nobinit_nopinit             
00001e7d  __TI_decompress_lzss                       
00002903  __TI_decompress_none                       
ffffffff  __TI_pprof_out_hndl                        
ffffffff  __TI_prof_data_size                        
ffffffff  __TI_prof_data_start                       
00000000  __TI_static_base__                         
0000294d  __TI_zero_init                             
00001da7  __aeabi_d2f                                
00000bc3  __aeabi_dadd                               
000014d1  __aeabi_dmul                               
00000bb9  __aeabi_dsub                               
00002451  __aeabi_f2d                                
00001c45  __aeabi_memclr                             
00001c45  __aeabi_memclr4                            
00001c45  __aeabi_memclr8                            
00001999  __aeabi_memcpy                             
00001999  __aeabi_memcpy4                            
00001999  __aeabi_memcpy8                            
00001c47  __aeabi_memset                             
00001c47  __aeabi_memset4                            
00001c47  __aeabi_memset8                            
ffffffff  __binit__                                  
ffffffff  __c_args__                                 
UNDEFED   __mpu_init                                 
2000fe00  __stack                                    
20000000  __start___llvm_prf_cnts                    
20000000  __stop___llvm_prf_cnts                     
000024f1  _c_int00_noargs                            
UNDEFED   _system_post_cinit                         
00002165  _system_pre_init                           
00002959  abort                                      
00001383  adc14_to_f32                               
0000139d  adc14_to_f32_vec                           
0000135d  adc14_to_q15                               
00001365  adc14_to_q15_vec                           
00001337  adc14_to_q31                               
0000133f  adc14_to_q31_vec                           
ffffffff  binit                                      
00000181  blockingerror                              
0000081d  colorledblue                               
000007fd  colorledgreen                              
000002db  colorledinit                               
000007d9  colorledoff                                
000007b9  colorledred                                
000001b3  comp_uint32                                
000005e1  configureBuffer                            
00000539  configureSampleclock                       
0000079f  debugpinhigh                               
000002b3  debugpininit                               
00000797  debugpinlow                                
000001a3  dutypinhigh                                
0000029f  dutypininit                                
000001ab  dutypinlow                                 
000002c7  errorledinit                               
00000179  errorledoff                                
00000171  errorledon                                 
000012f5  f32_to_dac14                               
00001315  f32_to_dac14_vec                           
20000627  glbADCPPRead                               
20000626  glbADCPPWrite                              
2000062c  glbActiveDACBuf                            
20000624  glbBUFLEN                                  
20000638  glbBufferCallback                          
20000630  glbDACBufIndex                             
20000629  glbDACPPRead                               
20000628  glbDACPPWrite                              
20000620  glbIO                                      
20000600  glbPWMConfig                               
20000200  glbPingADC                                 
20000300  glbPingDAC                                 
20000400  glbPongADC                                 
20000500  glbPongDAC                                 
20000634  glbSampleCallback                          
000003cd  initADC                                    
00000379  initAmp                                    
00000323  initClock                                  
0000038d  initMic                                    
0000030f  initPushButton                             
0000078f  initSwitch                                 
00000000  interruptVectors                           
00002771  main                                       
00000709  measurePerfBuffer                          
000006a5  measurePerfSample                          
00000693  median                                     
00001999  memcpy                                     
00001c4d  memset                                     
0000068b  micOff                                     
000003bd  micOn                                      
0000066f  msp432_boostxl_init                        
0000061d  msp432_boostxl_init_dma                    
00000595  msp432_boostxl_init_intr                   
000004d1  msp432_boostxl_init_poll                   
000001bb  msp432_boostxl_run                         
0000015d  perfLap                                    
00002169  processSample                              
00000149  pushButtonLeftDown                         
00000135  pushButtonLeftUp                           
00000121  pushButtonRightDown                        
0000010d  pushButtonRightUp                          
000012cb  q15_to_dac14                               
000012d7  q15_to_dac14_vec                           
000012a1  q31_to_dac14                               
000012b1  q31_to_dac14_vec                           
00001779  qsort                                      
000000f7  startSampleClock                           
000000f1  stopPerf                                   
000000e9  stopSampleClock                            


GLOBAL SYMBOLS: SORTED BY Symbol Address 

address   name                                       
-------   ----                                       
00000000  __TI_static_base__                         
00000000  interruptVectors                           
000000e9  stopSampleClock                            
000000f1  stopPerf                                   
000000f7  startSampleClock                           
0000010d  pushButtonRightUp                          
00000121  pushButtonRightDown                        
00000135  pushButtonLeftUp                           
00000149  pushButtonLeftDown                         
0000015d  perfLap                                    
00000171  errorledon                                 
00000179  errorledoff                                
00000181  blockingerror                              
000001a3  dutypinhigh                                
000001ab  dutypinlow                                 
000001b3  comp_uint32                                
000001bb  msp432_boostxl_run                         
00000200  __STACK_SIZE                               
0000029f  dutypininit                                
000002b3  debugpininit                               
000002c7  errorledinit                               
000002db  colorledinit                               
0000030f  initPushButton                             
00000323  initClock                                  
00000379  initAmp                                    
0000038d  initMic                                    
000003bd  micOn                                      
000003cd  initADC                                    
000004d1  msp432_boostxl_init_poll                   
00000539  configureSampleclock                       
00000595  msp432_boostxl_init_intr                   
000005e1  configureBuffer                            
0000061d  msp432_boostxl_init_dma                    
0000066f  msp432_boostxl_init                        
0000068b  micOff                                     
00000693  median                                     
000006a5  measurePerfSample                          
00000709  measurePerfBuffer                          
0000078f  initSwitch                                 
00000797  debugpinlow                                
0000079f  debugpinhigh                               
000007b9  colorledred                                
000007d9  colorledoff                                
000007fd  colorledgreen                              
0000081d  colorledblue                               
0000083d  TA0_N_IRQHandler                           
0000083d  TA0_N_IRQHandler                           
000008ad  DMA_INT1_IRQHandler                        
000008ad  DMA_INT1_IRQHandler                        
000008f5  DMA_ERR_IRQHandler                         
000008f5  DMA_ERR_IRQHandler                         
00000919  ADC14_IRQHandler                           
00000919  ADC14_IRQHandler                           
000009a9  DMA_assignChannel                          
00000bb9  __aeabi_dsub                               
00000bc3  __aeabi_dadd                               
00001171  CS_initClockSignal                         
000012a1  q31_to_dac14                               
000012b1  q31_to_dac14_vec                           
000012cb  q15_to_dac14                               
000012d7  q15_to_dac14_vec                           
000012f5  f32_to_dac14                               
00001315  f32_to_dac14_vec                           
00001337  adc14_to_q31                               
0000133f  adc14_to_q31_vec                           
0000135d  adc14_to_q15                               
00001365  adc14_to_q15_vec                           
00001383  adc14_to_f32                               
0000139d  adc14_to_f32_vec                           
000014d1  __aeabi_dmul                               
000015cd  DMA_setChannelTransfer                     
00001703  DAC8311_updateDacOut                       
0000170b  DAC8311_setLowPowerMode                    
00001723  DAC8311_init                               
00001779  qsort                                      
00001835  ADC14_configureConversionMemory            
000018e9  SPI_initMaster                             
00001999  __aeabi_memcpy                             
00001999  __aeabi_memcpy4                            
00001999  __aeabi_memcpy8                            
00001999  memcpy                                     
00001a35  GPIO_setAsPeripheralModuleFunctionInputPin 
00001abd  GPIO_setAsPeripheralModuleFunctionOutputPin
00001b45  DMA_getChannelAttribute                    
00001bc5  Interrupt_enableInterrupt                  
00001c45  __aeabi_memclr                             
00001c45  __aeabi_memclr4                            
00001c45  __aeabi_memclr8                            
00001c47  __aeabi_memset                             
00001c47  __aeabi_memset4                            
00001c47  __aeabi_memset8                            
00001c4d  memset                                     
00001cc1  Timer_A_generatePWM                        
00001d35  CPU_wfi                                    
00001d39  SystemInit                                 
00001da7  __aeabi_d2f                                
00001e15  Timer32_initModule                         
00001e7d  __TI_decompress_lzss                       
00001ee5  DMA_disableChannelAttribute                
00001f49  DMA_assignInterrupt                        
00001fa9  PCM_getCoreVoltageLevel                    
00002007  PCM_getPowerMode                           
00002061  ADC14_configureSingleSampleMode            
000020b9  GPIO_setAsInputPinWithPullUpResistor       
00002111  ADC14_initModule                           
00002165  _system_pre_init                           
00002169  processSample                              
000021b9  DMA_enableInterrupt                        
00002205  GPIO_setAsInputPin                         
00002251  ADC14_setSampleHoldTrigger                 
00002299  FlashCtl_setWaitState                      
000022e1  __TI_auto_init_nobinit_nopinit             
00002325  GPIO_setAsOutputPin                        
000023a5  DMA_setChannelControl                      
000023e1  ADC14_getEnabledInterruptStatus            
00002419  Timer32_startTimer                         
00002451  __aeabi_f2d                                
00002489  ADC14_enableSampleTimer                    
000024bd  CS_setDCOCenteredFrequency                 
000024f1  _c_int00_noargs                            
00002525  ADC14_clearInterruptFlag                   
00002555  ADC14_enableInterrupt                      
00002585  GPIO_getInputPinValue                      
000025b5  ADC14_getInterruptStatus                   
000025e1  ADC14_toggleConversionTrigger              
0000260d  Timer_A_clearCaptureCompareInterrupt       
00002639  Timer_A_enableCaptureCompareInterrupt      
00002665  ADC14_enableConversion                     
0000268d  ADC14_getResult                            
000026b5  GPIO_setOutputHighOnPin                    
000026dd  GPIO_setOutputLowOnPin                     
00002705  PCM_gotoLPM0                               
0000272d  WDT_A_holdTimer                            
00002751  ADC14_setResolution                        
00002771  main                                       
00002791  DMA_enableChannel                          
000027ad  EUSCI_B_SPI_isBusy                         
000027c9  SPI_enableModule                           
000027e5  Timer_A_clearTimer                         
000027fd  EUSCI_A_SPI_enable                         
00002813  EUSCI_B_SPI_enable                         
00002829  EUSCI_B_SPI_transmitData                   
0000283f  Timer_A_startCounter                       
00002855  DMA_setControlBase                         
00002869  PCM_getPowerState                          
0000287d  Timer32_haltTimer                          
00002891  Timer_A_stopTimer                          
000028a5  ADC14_isBusy                               
000028c5  Interrupt_enableMaster                     
000028d5  PCM_setCoreVoltageLevel                    
000028e5  PCM_setPowerMode                           
000028f5  Timer32_getValue                           
00002903  __TI_decompress_none                       
00002911  ADC14_enableModule                         
0000291d  CPU_cpsie                                  
00002929  DMA_clearErrorStatus                       
00002935  DMA_enableModule                           
00002941  Reset_Handler                              
0000294d  __TI_zero_init                             
00002959  C$$EXIT                                    
00002959  abort                                      
00002961  AES256_IRQHandler                          
00002961  BusFault_Handler                           
00002961  COMP_E0_IRQHandler                         
00002961  COMP_E1_IRQHandler                         
00002961  CS_IRQHandler                              
00002961  DMA_INT0_IRQHandler                        
00002961  DMA_INT2_IRQHandler                        
00002961  DMA_INT3_IRQHandler                        
00002961  DebugMon_Handler                           
00002961  Default_Handler                            
00002961  EUSCIA0_IRQHandler                         
00002961  EUSCIA1_IRQHandler                         
00002961  EUSCIA2_IRQHandler                         
00002961  EUSCIA3_IRQHandler                         
00002961  EUSCIB0_IRQHandler                         
00002961  EUSCIB1_IRQHandler                         
00002961  EUSCIB2_IRQHandler                         
00002961  EUSCIB3_IRQHandler                         
00002961  FLCTL_IRQHandler                           
00002961  FPU_IRQHandler                             
00002961  HardFault_Handler                          
00002961  MemManage_Handler                          
00002961  NMI_Handler                                
00002961  PCM_IRQHandler                             
00002961  PORT1_IRQHandler                           
00002961  PORT2_IRQHandler                           
00002961  PORT3_IRQHandler                           
00002961  PORT4_IRQHandler                           
00002961  PORT5_IRQHandler                           
00002961  PORT6_IRQHandler                           
00002961  PSS_IRQHandler                             
00002961  PendSV_Handler                             
00002961  RTC_C_IRQHandler                           
00002961  SVC_Handler                                
00002961  SysTick_Handler                            
00002961  T32_INT1_IRQHandler                        
00002961  T32_INT2_IRQHandler                        
00002961  T32_INTC_IRQHandler                        
00002961  TA0_0_IRQHandler                           
00002961  TA1_0_IRQHandler                           
00002961  TA1_N_IRQHandler                           
00002961  TA2_0_IRQHandler                           
00002961  TA2_N_IRQHandler                           
00002961  TA3_0_IRQHandler                           
00002961  TA3_N_IRQHandler                           
00002961  UsageFault_Handler                         
00002961  WDT_A_IRQHandler                           
00002a7c  __TI_Handler_Table_Base                    
00002a88  __TI_Handler_Table_Limit                   
00002a90  __TI_CINIT_Base                            
00002aa0  __TI_CINIT_Limit                           
20000000  __start___llvm_prf_cnts                    
20000000  __stop___llvm_prf_cnts                     
20000200  glbPingADC                                 
20000300  glbPingDAC                                 
20000400  glbPongADC                                 
20000500  glbPongDAC                                 
20000600  glbPWMConfig                               
20000620  glbIO                                      
20000624  glbBUFLEN                                  
20000626  glbADCPPWrite                              
20000627  glbADCPPRead                               
20000628  glbDACPPWrite                              
20000629  glbDACPPRead                               
2000062c  glbActiveDACBuf                            
20000630  glbDACBufIndex                             
20000634  glbSampleCallback                          
20000638  glbBufferCallback                          
2000fe00  __stack                                    
20010000  __STACK_END                                
4000480c  WDTCTL_SYM                                 
ffffffff  __TI_pprof_out_hndl                        
ffffffff  __TI_prof_data_size                        
ffffffff  __TI_prof_data_start                       
ffffffff  __binit__                                  
ffffffff  __c_args__                                 
ffffffff  binit                                      
UNDEFED   __mpu_init                                 
UNDEFED   _system_post_cinit                         

[240 symbols]
